Component: ARM Compiler 5.06 update 6 (build 750) Tool: armlink [4d35ed]

==============================================================================

Section Cross References

    board.o(i.BOARD_InitDebugConsole) refers to fsl_clock.o(i.CLOCK_GetCoreSysClkFreq) for CLOCK_GetCoreSysClkFreq
    board.o(i.BOARD_InitDebugConsole) refers to fsl_debug_console.o(i.DbgConsole_Init) for DbgConsole_Init
    clock_config.o(i.BOARD_BootClockHSRUN) refers to fsl_clock.o(i.CLOCK_InitOsc0) for CLOCK_InitOsc0
    clock_config.o(i.BOARD_BootClockHSRUN) refers to clock_config.o(i.CLOCK_SetXtal0Freq) for CLOCK_SetXtal0Freq
    clock_config.o(i.BOARD_BootClockHSRUN) refers to fsl_clock.o(i.CLOCK_SetInternalRefClkConfig) for CLOCK_SetInternalRefClkConfig
    clock_config.o(i.BOARD_BootClockHSRUN) refers to clock_config.o(i.CLOCK_CONFIG_SetFllExtRefDiv) for CLOCK_CONFIG_SetFllExtRefDiv
    clock_config.o(i.BOARD_BootClockHSRUN) refers to fsl_clock.o(i.CLOCK_BootToPeeMode) for CLOCK_BootToPeeMode
    clock_config.o(i.BOARD_BootClockHSRUN) refers to clock_config.o(i.SMC_SetPowerModeProtection) for SMC_SetPowerModeProtection
    clock_config.o(i.BOARD_BootClockHSRUN) refers to fsl_smc.o(i.SMC_SetPowerModeHsrun) for SMC_SetPowerModeHsrun
    clock_config.o(i.BOARD_BootClockHSRUN) refers to fsl_clock.o(i.CLOCK_SetSimConfig) for CLOCK_SetSimConfig
    clock_config.o(i.BOARD_BootClockHSRUN) refers to clock_config.o(.constdata) for oscConfig_BOARD_BootClockHSRUN
    clock_config.o(i.BOARD_BootClockHSRUN) refers to system_mk66f18.o(.data) for SystemCoreClock
    clock_config.o(i.BOARD_BootClockRUN) refers to fsl_clock.o(i.CLOCK_InitOsc0) for CLOCK_InitOsc0
    clock_config.o(i.BOARD_BootClockRUN) refers to clock_config.o(i.CLOCK_SetXtal0Freq) for CLOCK_SetXtal0Freq
    clock_config.o(i.BOARD_BootClockRUN) refers to fsl_clock.o(i.CLOCK_SetInternalRefClkConfig) for CLOCK_SetInternalRefClkConfig
    clock_config.o(i.BOARD_BootClockRUN) refers to clock_config.o(i.CLOCK_CONFIG_SetFllExtRefDiv) for CLOCK_CONFIG_SetFllExtRefDiv
    clock_config.o(i.BOARD_BootClockRUN) refers to fsl_clock.o(i.CLOCK_BootToPeeMode) for CLOCK_BootToPeeMode
    clock_config.o(i.BOARD_BootClockRUN) refers to fsl_clock.o(i.CLOCK_SetSimConfig) for CLOCK_SetSimConfig
    clock_config.o(i.BOARD_BootClockRUN) refers to clock_config.o(.constdata) for oscConfig_BOARD_BootClockRUN
    clock_config.o(i.BOARD_BootClockRUN) refers to system_mk66f18.o(.data) for SystemCoreClock
    clock_config.o(i.BOARD_BootClockVLPR) refers to fsl_clock.o(i.CLOCK_InitOsc0) for CLOCK_InitOsc0
    clock_config.o(i.BOARD_BootClockVLPR) refers to clock_config.o(i.CLOCK_SetXtal0Freq) for CLOCK_SetXtal0Freq
    clock_config.o(i.BOARD_BootClockVLPR) refers to fsl_clock.o(i.CLOCK_BootToBlpiMode) for CLOCK_BootToBlpiMode
    clock_config.o(i.BOARD_BootClockVLPR) refers to fsl_clock.o(i.CLOCK_SetExternalRefClkConfig) for CLOCK_SetExternalRefClkConfig
    clock_config.o(i.BOARD_BootClockVLPR) refers to fsl_clock.o(i.CLOCK_SetSimConfig) for CLOCK_SetSimConfig
    clock_config.o(i.BOARD_BootClockVLPR) refers to clock_config.o(i.SMC_SetPowerModeProtection) for SMC_SetPowerModeProtection
    clock_config.o(i.BOARD_BootClockVLPR) refers to fsl_smc.o(i.SMC_SetPowerModeVlpr) for SMC_SetPowerModeVlpr
    clock_config.o(i.BOARD_BootClockVLPR) refers to clock_config.o(.constdata) for oscConfig_BOARD_BootClockVLPR
    clock_config.o(i.BOARD_BootClockVLPR) refers to system_mk66f18.o(.data) for SystemCoreClock
    clock_config.o(i.CLOCK_SetXtal0Freq) refers to fsl_clock.o(.data) for g_xtal0Freq
    peripherals.o(i.BOARD_InitBootPeripherals) refers to peripherals.o(i.BOARD_InitPeripherals) for BOARD_InitPeripherals
    pin_mux.o(i.BOARD_InitBootPins) refers to pin_mux.o(i.BOARD_InitPins) for BOARD_InitPins
    fsl_smc.o(i.SMC_EnterStopRamFunc) refers to fsl_smc.o(.data) for s_stopRamFuncArray
    fsl_smc.o(i.SMC_PostExitStopModes) refers to fsl_smc.o(i.EnableGlobalIRQ) for EnableGlobalIRQ
    fsl_smc.o(i.SMC_PostExitStopModes) refers to fsl_smc.o(.data) for g_savedPrimask
    fsl_smc.o(i.SMC_PostExitWaitModes) refers to fsl_smc.o(i.EnableGlobalIRQ) for EnableGlobalIRQ
    fsl_smc.o(i.SMC_PostExitWaitModes) refers to fsl_smc.o(.data) for g_savedPrimask
    fsl_smc.o(i.SMC_PreEnterStopModes) refers to fsl_smc.o(i.DisableGlobalIRQ) for DisableGlobalIRQ
    fsl_smc.o(i.SMC_PreEnterStopModes) refers to fsl_smc.o(.data) for g_savedPrimask
    fsl_smc.o(i.SMC_PreEnterWaitModes) refers to fsl_smc.o(i.DisableGlobalIRQ) for DisableGlobalIRQ
    fsl_smc.o(i.SMC_PreEnterWaitModes) refers to fsl_smc.o(.data) for g_savedPrimask
    fsl_smc.o(i.SMC_SetPowerModeLls) refers to fsl_smc.o(i.SMC_EnterStopRamFunc) for SMC_EnterStopRamFunc
    fsl_smc.o(i.SMC_SetPowerModeStop) refers to fsl_smc.o(i.SMC_EnterStopRamFunc) for SMC_EnterStopRamFunc
    fsl_smc.o(i.SMC_SetPowerModeVlls) refers to fsl_smc.o(i.SMC_EnterStopRamFunc) for SMC_EnterStopRamFunc
[...]
    Removing fsl_ftfx_controller.o(i.FTFx_CMD_Program), (140 bytes).
    Removing fsl_ftfx_controller.o(i.FTFx_CMD_ProgramOnce), (140 bytes).
    Removing fsl_ftfx_controller.o(i.FTFx_CMD_ProgramPartition), (84 bytes).
    Removing fsl_ftfx_controller.o(i.FTFx_CMD_ProgramSection), (284 bytes).
    Removing fsl_ftfx_controller.o(i.FTFx_CMD_ReadOnce), (144 bytes).
    Removing fsl_ftfx_controller.o(i.FTFx_CMD_ReadResource), (176 bytes).
    Removing fsl_ftfx_controller.o(i.FTFx_CMD_SecurityBypass), (104 bytes).
    Removing fsl_ftfx_controller.o(i.FTFx_CMD_SetFlexramFunction), (68 bytes).
    Removing fsl_ftfx_controller.o(i.FTFx_CMD_SwapControl), (132 bytes).
    Removing fsl_ftfx_controller.o(i.FTFx_CMD_VerifyErase), (168 bytes).
    Removing fsl_ftfx_controller.o(i.FTFx_CMD_VerifyEraseAll), (44 bytes).
    Removing fsl_ftfx_controller.o(i.FTFx_CMD_VerifyEraseAllExecuteOnlySegments), (44 bytes).
    Removing fsl_ftfx_controller.o(i.FTFx_CMD_VerifyProgram), (156 bytes).
    Removing fsl_ftfx_controller.o(i.FTFx_REG_GetSecurityState), (68 bytes).
    Removing fsl_ftfx_controller.o(i.ftfx_check_mem_range), (56 bytes).
    Removing fsl_ftfx_controller.o(i.ftfx_check_resource_range), (126 bytes).
    Removing fsl_ftfx_controller.o(i.ftfx_check_swap_control_option), (30 bytes).
    Removing fsl_ftfx_controller.o(i.ftfx_check_user_key), (20 bytes).
    Removing fsl_ftfx_controller.o(i.ftfx_command_sequence), (60 bytes).
    Removing fsl_ftfx_controller.o(i.ftfx_copy_run_command_to_ram), (20 bytes).
    Removing fsl_ftfx_controller.o(i.ftfx_init_ifr), (58 bytes).
    Removing fsl_ftfx_controller.o(i.ftfx_read_word_from_byte_address), (42 bytes).
    Removing fsl_ftfx_controller.o(i.ftfx_write_word_to_byte_address), (38 bytes).
    Removing fsl_ftfx_controller.o(.bss), (64 bytes).
    Removing fsl_ftfx_controller.o(.constdata), (108 bytes).
    Removing fsl_ftfx_cache.o(.rev16_text), (4 bytes).
    Removing fsl_ftfx_cache.o(.revsh_text), (4 bytes).
    Removing fsl_ftfx_cache.o(.rrx_text), (6 bytes).
    Removing fsl_ftfx_cache.o(i.FTFx_CACHE_ClearCachePrefetchSpeculation), (24 bytes).
    Removing fsl_ftfx_cache.o(i.FTFx_CACHE_Init), (32 bytes).
    Removing fsl_ftfx_cache.o(i.FTFx_CACHE_PflashGetPrefetchSpeculation), (44 bytes).
    Removing fsl_ftfx_cache.o(i.FTFx_CACHE_PflashSetPrefetchSpeculation), (84 bytes).
    Removing fsl_ftfx_cache.o(i.fmc_flash_cache_clear), (24 bytes).
    Removing fsl_ftfx_cache.o(i.fmc_flash_prefetch_speculation_clear), (24 bytes).
    Removing fsl_ftfx_cache.o(i.ftfx_copy_common_bit_operation_to_ram), (20 bytes).
    Removing fsl_ftfx_cache.o(.bss), (64 bytes).
    Removing fsl_ftfx_cache.o(.constdata), (28 bytes).
    Removing fsl_clock.o(.rev16_text), (4 bytes).
    Removing fsl_clock.o(.revsh_text), (4 bytes).
    Removing fsl_clock.o(.rrx_text), (6 bytes).
    Removing fsl_clock.o(i.CLOCK_BootToBlpeMode), (96 bytes).
    Removing fsl_clock.o(i.CLOCK_BootToBlpiMode), (68 bytes).
    Removing fsl_clock.o(i.CLOCK_BootToFeeMode), (38 bytes).
    Removing fsl_clock.o(i.CLOCK_BootToFeiMode), (20 bytes).
    Removing fsl_clock.o(i.CLOCK_CalcPllDiv), (212 bytes).
    Removing fsl_clock.o(i.CLOCK_ClearStatusFlags), (60 bytes).
    Removing fsl_clock.o(i.CLOCK_DeinitOsc0), (28 bytes).
    Removing fsl_clock.o(i.CLOCK_DisableUsbhs0Clock), (40 bytes).
    Removing fsl_clock.o(i.CLOCK_DisableUsbhs0PfdClock), (36 bytes).
    Removing fsl_clock.o(i.CLOCK_DisableUsbhs0PhyPllClock), (60 bytes).
    Removing fsl_clock.o(i.CLOCK_EnableUsbfs0Clock), (276 bytes).
    Removing fsl_clock.o(i.CLOCK_EnableUsbhs0Clock), (72 bytes).
    Removing fsl_clock.o(i.CLOCK_EnableUsbhs0PfdClock), (228 bytes).
    Removing fsl_clock.o(i.CLOCK_EnableUsbhs0PhyPllClock), (412 bytes).
    Removing fsl_clock.o(i.CLOCK_ExternalModeToFbeModeQuick), (72 bytes).
    Removing fsl_clock.o(i.CLOCK_FllStableDelay), (24 bytes).
    Removing fsl_clock.o(i.CLOCK_GetBusClkFreq), (28 bytes).
    Removing fsl_clock.o(i.CLOCK_GetEr32kClkFreq), (144 bytes).
    Removing fsl_clock.o(i.CLOCK_GetFixedFreqClkFreq), (28 bytes).
    Removing fsl_clock.o(i.CLOCK_GetFlashClkFreq), (28 bytes).
    Removing fsl_clock.o(i.CLOCK_GetFlexBusClkFreq), (28 bytes).
    Removing fsl_clock.o(i.CLOCK_GetFreq), (208 bytes).
    Removing fsl_clock.o(i.CLOCK_GetInternalRefClkFreq), (28 bytes).
    Removing fsl_clock.o(i.CLOCK_GetMode), (96 bytes).
    Removing fsl_clock.o(i.CLOCK_GetOsc0ErClkDivFreq), (104 bytes).
    Removing fsl_clock.o(i.CLOCK_GetOsc0ErClkFreq), (8 bytes).
    Removing fsl_clock.o(i.CLOCK_GetOsc0ErClkUndivFreq), (96 bytes).
    Removing fsl_clock.o(i.CLOCK_GetPlatClkFreq), (28 bytes).
    Removing fsl_clock.o(i.CLOCK_GetPllFllSelClkFreq), (96 bytes).
    Removing fsl_clock.o(i.CLOCK_GetStatusFlags), (84 bytes).
    Removing fsl_clock.o(i.CLOCK_InternalModeToFbiModeQuick), (48 bytes).
    Removing fsl_clock.o(i.CLOCK_SetBlpeMode), (20 bytes).
    Removing fsl_clock.o(i.CLOCK_SetBlpiMode), (20 bytes).
    Removing fsl_clock.o(i.CLOCK_SetExtPllFreq), (12 bytes).
    Removing fsl_clock.o(i.CLOCK_SetExtPllMonitorMode), (36 bytes).
    Removing fsl_clock.o(i.CLOCK_SetFbeMode), (212 bytes).
    Removing fsl_clock.o(i.CLOCK_SetFbiMode), (144 bytes).
    Removing fsl_clock.o(i.CLOCK_SetFeeMode), (184 bytes).
    Removing fsl_clock.o(i.CLOCK_SetFeiMode), (132 bytes).
    Removing fsl_clock.o(i.CLOCK_SetMcgConfig), (356 bytes).
    Removing fsl_clock.o(i.CLOCK_SetOsc0MonitorMode), (76 bytes).
    Removing fsl_clock.o(i.CLOCK_SetPeeMode), (36 bytes).
    Removing fsl_clock.o(i.CLOCK_SetPll0MonitorMode), (64 bytes).
    Removing fsl_clock.o(i.CLOCK_SetPllClkSel), (32 bytes).
    Removing fsl_clock.o(i.CLOCK_SetRtcOscMonitorMode), (36 bytes).
    Removing fsl_clock.o(i.CLOCK_TrimInternalRefClk), (220 bytes).
    Removing fsl_clock.o(i.SDK_DelayAtLeastUs), (284 bytes).
    Removing fsl_gpio.o(.rev16_text), (4 bytes).
    Removing fsl_gpio.o(.revsh_text), (4 bytes).
    Removing fsl_gpio.o(.rrx_text), (6 bytes).
    Removing fsl_gpio.o(i.GPIO_GetInstance), (120 bytes).
    Removing fsl_gpio.o(i.GPIO_PinInit), (128 bytes).
    Removing fsl_gpio.o(i.GPIO_PortClearInterruptFlags), (36 bytes).
    Removing fsl_gpio.o(i.GPIO_PortGetInterruptFlags), (28 bytes).
    Removing fsl_gpio.o(.constdata), (40 bytes).
    Removing system_mk66f18.o(.rev16_text), (4 bytes).
    Removing system_mk66f18.o(.revsh_text), (4 bytes).
    Removing system_mk66f18.o(.rrx_text), (6 bytes).
    Removing system_mk66f18.o(i.SystemCoreClockUpdate), (560 bytes).
    Removing fsl_debug_console.o(.rev16_text), (4 bytes).
    Removing fsl_debug_console.o(.revsh_text), (4 bytes).
    Removing fsl_debug_console.o(.rrx_text), (6 bytes).
    Removing fsl_debug_console.o(i.DbgConsole_Deinit), (40 bytes).
    Removing fsl_debug_console.o(i.DbgConsole_Flush), (4 bytes).
    Removing fsl_debug_console.o(i.DbgConsole_Getchar), (18 bytes).
    Removing fsl_debug_console.o(i.DbgConsole_Putchar), (12 bytes).
    Removing fsl_debug_console.o(i.DbgConsole_ReadCharacter), (92 bytes).
    Removing fsl_debug_console.o(i.DbgConsole_ReadLine), (152 bytes).
    Removing fsl_debug_console.o(i.DbgConsole_ReadOneCharacter), (36 bytes).
    Removing fsl_debug_console.o(i.DbgConsole_Scanf), (52 bytes).
    Removing fsl_debug_console.o(i.DbgConsole_SendData), (144 bytes).
    Removing fsl_debug_console.o(i._sys_command_string), (2 bytes).
    Removing fsl_debug_console.o(i._ttywrch), (18 bytes).
    Removing fsl_debug_console.o(i.fgetc), (16 bytes).
    Removing fsl_debug_console.o(i.fputc), (14 bytes).
    Removing fsl_str.o(.rev16_text), (4 bytes).
    Removing fsl_str.o(.revsh_text), (4 bytes).
    Removing fsl_str.o(.rrx_text), (6 bytes).
    Removing fsl_str.o(i.ScanIgnoreWhiteSpace), (50 bytes).
    Removing fsl_str.o(i.StrFormatScanf), (980 bytes).
    Removing fsl_assert.o(.rev16_text), (4 bytes).
    Removing fsl_assert.o(.revsh_text), (4 bytes).
    Removing fsl_assert.o(.rrx_text), (6 bytes).
    Removing uart_adapter.o(.rev16_text), (4 bytes).
    Removing uart_adapter.o(.revsh_text), (4 bytes).
    Removing uart_adapter.o(.rrx_text), (6 bytes).
    Removing uart_adapter.o(i.HAL_UartDeinit), (88 bytes).
    Removing uart_adapter.o(i.HAL_UartReceiveBlocking), (152 bytes).
    Removing serial_manager.o(.rev16_text), (4 bytes).
    Removing serial_manager.o(.revsh_text), (4 bytes).
    Removing serial_manager.o(.rrx_text), (6 bytes).
    Removing serial_manager.o(i.SerialManager_CloseReadHandle), (116 bytes).
    Removing serial_manager.o(i.SerialManager_CloseWriteHandle), (120 bytes).
    Removing serial_manager.o(i.SerialManager_Deinit), (124 bytes).
    Removing serial_manager.o(i.SerialManager_EnterLowpower), (88 bytes).
    Removing serial_manager.o(i.SerialManager_ExitLowpower), (88 bytes).
    Removing serial_manager.o(i.SerialManager_Read), (180 bytes).
    Removing serial_manager.o(i.SerialManager_ReadBlocking), (20 bytes).
    Removing serial_manager.o(i.SerialManager_StartReading), (54 bytes).
    Removing serial_port_uart.o(.rev16_text), (4 bytes).
    Removing serial_port_uart.o(.revsh_text), (4 bytes).
    Removing serial_port_uart.o(.rrx_text), (6 bytes).
    Removing serial_port_uart.o(i.Serial_UartDeinit), (96 bytes).
    Removing serial_port_uart.o(i.Serial_UartRead), (156 bytes).
    Removing serial_port_usb.o(.rev16_text), (4 bytes).
    Removing serial_port_usb.o(.revsh_text), (4 bytes).
    Removing serial_port_usb.o(.rrx_text), (6 bytes).
    Removing generic_list.o(.rev16_text), (4 bytes).
    Removing generic_list.o(.revsh_text), (4 bytes).
    Removing generic_list.o(.rrx_text), (6 bytes).
    Removing generic_list.o(i.DisableGlobalIRQ), (12 bytes).
    Removing generic_list.o(i.EnableGlobalIRQ), (10 bytes).
    Removing generic_list.o(i.LIST_AddHead), (104 bytes).
    Removing generic_list.o(i.LIST_AddPrevElement), (126 bytes).
    Removing generic_list.o(i.LIST_AddTail), (104 bytes).
    Removing generic_list.o(i.LIST_GetAvailableSize), (10 bytes).
    Removing generic_list.o(i.LIST_GetHead), (6 bytes).
    Removing generic_list.o(i.LIST_GetList), (6 bytes).
    Removing generic_list.o(i.LIST_GetNext), (6 bytes).
    Removing generic_list.o(i.LIST_GetPrev), (6 bytes).
    Removing generic_list.o(i.LIST_GetSize), (6 bytes).
    Removing generic_list.o(i.LIST_Init), (12 bytes).
    Removing generic_list.o(i.LIST_RemoveElement), (84 bytes).
    Removing generic_list.o(i.LIST_RemoveHead), (68 bytes).
    Removing generic_list.o(i.LIST_Scan), (28 bytes).
    Removing main.o(.rev16_text), (4 bytes).
    Removing main.o(.revsh_text), (4 bytes).
    Removing main.o(.rrx_text), (6 bytes).

326 unused section(s) (total 24966 bytes) removed from the image.

==============================================================================

Image Symbol Table

    Local Symbols

    Symbol Name                              Value     Ov Type        Size  Object(Section)

    RESET                                    0x00000000   Section     1024  startup_mk66f18.o(RESET)
    ../clib/angel/boardlib.s                 0x00000000   Number         0  boardshut.o ABSOLUTE
    ../clib/angel/boardlib.s                 0x00000000   Number         0  boardinit1.o ABSOLUTE
    ../clib/angel/boardlib.s                 0x00000000   Number         0  boardinit2.o ABSOLUTE
    ../clib/angel/boardlib.s                 0x00000000   Number         0  boardinit3.o ABSOLUTE
    ../clib/angel/handlers.s                 0x00000000   Number         0  __scatter_zi.o ABSOLUTE
    ../clib/angel/handlers.s                 0x00000000   Number         0  __scatter_copy.o ABSOLUTE
    ../clib/angel/kernel.s                   0x00000000   Number         0  __rtentry2.o ABSOLUTE
    ../clib/angel/kernel.s                   0x00000000   Number         0  rtexit2.o ABSOLUTE
    ../clib/angel/kernel.s                   0x00000000   Number         0  __rtentry.o ABSOLUTE
    ../clib/angel/kernel.s                   0x00000000   Number         0  rtexit.o ABSOLUTE
    ../clib/angel/kernel.s                   0x00000000   Number         0  __rtentry7.o ABSOLUTE
    ../clib/angel/kernel.s                   0x00000000   Number         0  __rtentry4.o ABSOLUTE
    ../clib/angel/rt.s                       0x00000000   Number         0  rt_heap_descriptor.o ABSOLUTE
    ../clib/angel/rt.s                       0x00000000   Number         0  rt_heap_descriptor_intlibspace.o ABSOLUTE
    ../clib/angel/rt.s                       0x00000000   Number         0  rt_raise.o ABSOLUTE
    ../clib/angel/scatter.s                  0x00000000   Number         0  __scatter.o ABSOLUTE
    ../clib/angel/startup.s                  0x00000000   Number         0  __main.o ABSOLUTE
    ../clib/angel/sys.s                      0x00000000   Number         0  mutex_dummy.o ABSOLUTE
    ../clib/angel/sys.s                      0x00000000   Number         0  indicate_semi.o ABSOLUTE
    ../clib/angel/sys.s                      0x00000000   Number         0  sys_stackheap.o ABSOLUTE
    ../clib/angel/sys.s                      0x00000000   Number         0  sys_stackheap_outer.o ABSOLUTE
    ../clib/angel/sys.s                      0x00000000   Number         0  use_no_semi.o ABSOLUTE
    ../clib/angel/sys.s                      0x00000000   Number         0  libspace.o ABSOLUTE
    ../clib/armsys.c                         0x00000000   Number         0  _get_argv.o ABSOLUTE
    ../clib/armsys.c                         0x00000000   Number         0  _get_argv_nomalloc.o ABSOLUTE
    ../clib/armsys.c                         0x00000000   Number         0  argv_veneer.o ABSOLUTE
    ../clib/armsys.c                         0x00000000   Number         0  argv_veneer.o ABSOLUTE
    ../clib/armsys.c                         0x00000000   Number         0  no_argv.o ABSOLUTE
    ../clib/heap1.c                          0x00000000   Number         0  h1_init.o ABSOLUTE
    ../clib/heap1.c                          0x00000000   Number         0  h1_extend.o ABSOLUTE
    ../clib/heap1.c                          0x00000000   Number         0  h1_init_mt.o ABSOLUTE
    ../clib/heap1.c                          0x00000000   Number         0  h1_final.o ABSOLUTE
    ../clib/heap1.c                          0x00000000   Number         0  h1_final_mt.o ABSOLUTE
    ../clib/heap1.c                          0x00000000   Number         0  h1_extend_mt.o ABSOLUTE
    ../clib/heap1.c                          0x00000000   Number         0  h1_alloc.o ABSOLUTE
    ../clib/heap1.c                          0x00000000   Number         0  h1_free_mt.o ABSOLUTE
    ../clib/heap1.c                          0x00000000   Number         0  h1_alloc_mt.o ABSOLUTE
    ../clib/heap1.c                          0x00000000   Number         0  h1_free.o ABSOLUTE
    ../clib/heap2.c                          0x00000000   Number         0  fdtree.o ABSOLUTE
    ../clib/heap2.c                          0x00000000   Number         0  heap2.o ABSOLUTE
    ../clib/heap2.c                          0x00000000   Number         0  heap2mt.o ABSOLUTE
    ../clib/heapalloc.c                      0x00000000   Number         0  term_alloc.o ABSOLUTE
    ../clib/heapalloc.c                      0x00000000   Number         0  hguard.o ABSOLUTE
    ../clib/heapalloc.c                      0x00000000   Number         0  init_alloc.o ABSOLUTE
    ../clib/heapalloc.c                      0x00000000   Number         0  heapstubs.o ABSOLUTE
    ../clib/heapalloc.c                      0x00000000   Number         0  maybetermalloc1.o ABSOLUTE
    ../clib/heapalloc.c                      0x00000000   Number         0  maybetermalloc1.o ABSOLUTE
    ../clib/heapalloc.c                      0x00000000   Number         0  maybetermalloc2.o ABSOLUTE
    ../clib/heapalloc.c                      0x00000000   Number         0  maybetermalloc2.o ABSOLUTE
    ../clib/heapalloc.c                      0x00000000   Number         0  malloc.o ABSOLUTE
    ../clib/heapalloc.c                      0x00000000   Number         0  hrguard.o ABSOLUTE
    ../clib/heapalloc.c                      0x00000000   Number         0  free.o ABSOLUTE
    ../clib/heapaux.c                        0x00000000   Number         0  heapauxi.o ABSOLUTE
    ../clib/heapaux.c                        0x00000000   Number         0  heapauxa.o ABSOLUTE
    ../clib/libinit.s                        0x00000000   Number         0  libshutdown.o ABSOLUTE
    ../clib/libinit.s                        0x00000000   Number         0  libinit5.o ABSOLUTE
    ../clib/libinit.s                        0x00000000   Number         0  libinit.o ABSOLUTE
    ../clib/libinit.s                        0x00000000   Number         0  libinit2.o ABSOLUTE
    ../clib/libinit.s                        0x00000000   Number         0  libshutdown2.o ABSOLUTE
    ../clib/memcpset.s                       0x00000000   Number         0  rt_memcpy_w.o ABSOLUTE
    ../clib/memcpset.s                       0x00000000   Number         0  rt_memclr.o ABSOLUTE
    ../clib/memcpset.s                       0x00000000   Number         0  aeabi_memset.o ABSOLUTE
    ../clib/memcpset.s                       0x00000000   Number         0  rt_memcpy_v6.o ABSOLUTE
    ../clib/memcpset.s                       0x00000000   Number         0  rt_memclr_w.o ABSOLUTE
    ../clib/signal.c                         0x00000000   Number         0  defsig_pvfn_inner.o ABSOLUTE
    ../clib/signal.c                         0x00000000   Number         0  defsig_segv_inner.o ABSOLUTE
    ../clib/signal.c                         0x00000000   Number         0  defsig_other.o ABSOLUTE
    ../clib/signal.c                         0x00000000   Number         0  defsig_fpe_inner.o ABSOLUTE
    ../clib/signal.c                         0x00000000   Number         0  defsig_general.o ABSOLUTE
    ../clib/signal.c                         0x00000000   Number         0  __raise.o ABSOLUTE
    ../clib/signal.c                         0x00000000   Number         0  defsig_rtmem_inner.o ABSOLUTE
    ../clib/signal.c                         0x00000000   Number         0  defsig_exit.o ABSOLUTE
    ../clib/signal.c                         0x00000000   Number         0  defsig_cppl_inner.o ABSOLUTE
    ../clib/signal.c                         0x00000000   Number         0  defsig_abrt_inner.o ABSOLUTE
    ../clib/signal.c                         0x00000000   Number         0  defsig_rtred_inner.o ABSOLUTE
    ../clib/signal.c                         0x00000000   Number         0  defsig_stak_inner.o ABSOLUTE
    ../clib/signal.c                         0x00000000   Number         0  defsig_rtmem_outer.o ABSOLUTE
    ../clib/signal.c                         0x00000000   Number         0  defsig_rtmem_formal.o ABSOLUTE
    ../clib/signal.s                         0x00000000   Number         0  defsig.o ABSOLUTE
    ../clib/stdlib.c                         0x00000000   Number         0  exit.o ABSOLUTE
    ../clib/string.c                         0x00000000   Number         0  strlen.o ABSOLUTE
    ../fplib/fpinit.s                        0x00000000   Number         0  fpinit.o ABSOLUTE
    ..\Board\board.c                         0x00000000   Number         0  board.o ABSOLUTE
    ..\Board\clock_config.c                  0x00000000   Number         0  clock_config.o ABSOLUTE
    ..\Board\peripherals.c                   0x00000000   Number         0  peripherals.o ABSOLUTE
    ..\Board\pin_mux.c                       0x00000000   Number         0  pin_mux.o ABSOLUTE
    ..\Component-lists\generic_list.c        0x00000000   Number         0  generic_list.o ABSOLUTE
    ..\Component-serial_manager\serial_manager.c 0x00000000   Number         0  serial_manager.o ABSOLUTE
    ..\Component-serial_manager\serial_port_uart.c 0x00000000   Number         0  serial_port_uart.o ABSOLUTE
    ..\Component-serial_manager\serial_port_usb.c 0x00000000   Number         0  serial_port_usb.o ABSOLUTE
    ..\Component-uart\uart_adapter.c         0x00000000   Number         0  uart_adapter.o ABSOLUTE
    ..\DEVICE\system_MK66F18.c               0x00000000   Number         0  system_mk66f18.o ABSOLUTE
    ..\DRIVER\drivers\fsl_clock.c            0x00000000   Number         0  fsl_clock.o ABSOLUTE
    ..\DRIVER\drivers\fsl_common.c           0x00000000   Number         0  fsl_common.o ABSOLUTE
    ..\DRIVER\drivers\fsl_ftfx_cache.c       0x00000000   Number         0  fsl_ftfx_cache.o ABSOLUTE
    ..\DRIVER\drivers\fsl_ftfx_controller.c  0x00000000   Number         0  fsl_ftfx_controller.o ABSOLUTE
    ..\DRIVER\drivers\fsl_ftfx_flash.c       0x00000000   Number         0  fsl_ftfx_flash.o ABSOLUTE
    ..\DRIVER\drivers\fsl_ftfx_flexnvm.c     0x00000000   Number         0  fsl_ftfx_flexnvm.o ABSOLUTE
    ..\DRIVER\drivers\fsl_gpio.c             0x00000000   Number         0  fsl_gpio.o ABSOLUTE
    ..\DRIVER\drivers\fsl_lpuart.c           0x00000000   Number         0  fsl_lpuart.o ABSOLUTE
    ..\DRIVER\drivers\fsl_smc.c              0x00000000   Number         0  fsl_smc.o ABSOLUTE
    ..\DRIVER\drivers\fsl_uart.c             0x00000000   Number         0  fsl_uart.o ABSOLUTE
    ..\STARUP\startup_MK66F18.s              0x00000000   Number         0  startup_mk66f18.o ABSOLUTE
    ..\User\main.c                           0x00000000   Number         0  main.o ABSOLUTE
    ..\Utulitues\debug_console\fsl_debug_console.c 0x00000000   Number         0  fsl_debug_console.o ABSOLUTE
    ..\Utulitues\fsl_assert.c                0x00000000   Number         0  fsl_assert.o ABSOLUTE
    ..\Utulitues\str\fsl_str.c               0x00000000   Number         0  fsl_str.o ABSOLUTE
    ..\\Board\\board.c                       0x00000000   Number         0  board.o ABSOLUTE
    ..\\Board\\clock_config.c                0x00000000   Number         0  clock_config.o ABSOLUTE
    ..\\Board\\pin_mux.c                     0x00000000   Number         0  pin_mux.o ABSOLUTE
    ..\\Component-lists\\generic_list.c      0x00000000   Number         0  generic_list.o ABSOLUTE
    ..\\Component-serial_manager\\serial_manager.c 0x00000000   Number         0  serial_manager.o ABSOLUTE
    ..\\Component-serial_manager\\serial_port_uart.c 0x00000000   Number         0  serial_port_uart.o ABSOLUTE
    ..\\Component-serial_manager\\serial_port_usb.c 0x00000000   Number         0  serial_port_usb.o ABSOLUTE
    ..\\Component-uart\\uart_adapter.c       0x00000000   Number         0  uart_adapter.o ABSOLUTE
    ..\\DEVICE\\system_MK66F18.c             0x00000000   Number         0  system_mk66f18.o ABSOLUTE
    ..\\DRIVER\\drivers\\fsl_clock.c         0x00000000   Number         0  fsl_clock.o ABSOLUTE
    ..\\DRIVER\\drivers\\fsl_common.c        0x00000000   Number         0  fsl_common.o ABSOLUTE
    ..\\DRIVER\\drivers\\fsl_ftfx_cache.c    0x00000000   Number         0  fsl_ftfx_cache.o ABSOLUTE
    ..\\DRIVER\\drivers\\fsl_ftfx_controller.c 0x00000000   Number         0  fsl_ftfx_controller.o ABSOLUTE
    ..\\DRIVER\\drivers\\fsl_ftfx_flash.c    0x00000000   Number         0  fsl_ftfx_flash.o ABSOLUTE
    ..\\DRIVER\\drivers\\fsl_ftfx_flexnvm.c  0x00000000   Number         0  fsl_ftfx_flexnvm.o ABSOLUTE
    ..\\DRIVER\\drivers\\fsl_gpio.c          0x00000000   Number         0  fsl_gpio.o ABSOLUTE
    ..\\DRIVER\\drivers\\fsl_lpuart.c        0x00000000   Number         0  fsl_lpuart.o ABSOLUTE
    ..\\DRIVER\\drivers\\fsl_smc.c           0x00000000   Number         0  fsl_smc.o ABSOLUTE
    ..\\DRIVER\\drivers\\fsl_uart.c          0x00000000   Number         0  fsl_uart.o ABSOLUTE
    ..\\User\\main.c                         0x00000000   Number         0  main.o ABSOLUTE
    ..\\Utulitues\\debug_console\\fsl_debug_console.c 0x00000000   Number         0  fsl_debug_console.o ABSOLUTE
    ..\\Utulitues\\fsl_assert.c              0x00000000   Number         0  fsl_assert.o ABSOLUTE
    ..\\Utulitues\\str\\fsl_str.c            0x00000000   Number         0  fsl_str.o ABSOLUTE
    dc.s                                     0x00000000   Number         0  dc.o ABSOLUTE
    FlashConfig                              0x00000400   Section       16  startup_mk66f18.o(FlashConfig)
    !!!main                                  0x00000410   Section        8  __main.o(!!!main)
    !!!scatter                               0x00000418   Section       52  __scatter.o(!!!scatter)
    !!handler_copy                           0x0000044c   Section       26  __scatter_copy.o(!!handler_copy)
    !!handler_zi                             0x00000468   Section       28  __scatter_zi.o(!!handler_zi)
    .ARM.Collect$$libinit$$00000000          0x00000484   Section        2  libinit.o(.ARM.Collect$$libinit$$00000000)
    .ARM.Collect$$libinit$$00000001          0x00000486   Section        4  libinit2.o(.ARM.Collect$$libinit$$00000001)
    .ARM.Collect$$libinit$$00000004          0x0000048a   Section        0  libinit2.o(.ARM.Collect$$libinit$$00000004)
    .ARM.Collect$$libinit$$0000000A          0x0000048a   Section        0  libinit2.o(.ARM.Collect$$libinit$$0000000A)
    .ARM.Collect$$libinit$$0000000C          0x0000048a   Section        0  libinit2.o(.ARM.Collect$$libinit$$0000000C)
    .ARM.Collect$$libinit$$0000000E          0x0000048a   Section        0  libinit2.o(.ARM.Collect$$libinit$$0000000E)
    .ARM.Collect$$libinit$$00000011          0x0000048a   Section        0  libinit2.o(.ARM.Collect$$libinit$$00000011)
    .ARM.Collect$$libinit$$00000013          0x0000048a   Section        0  libinit2.o(.ARM.Collect$$libinit$$00000013)
    .ARM.Collect$$libinit$$00000015          0x0000048a   Section        0  libinit2.o(.ARM.Collect$$libinit$$00000015)
    .ARM.Collect$$libinit$$00000017          0x0000048a   Section        0  libinit2.o(.ARM.Collect$$libinit$$00000017)
    .ARM.Collect$$libinit$$00000019          0x0000048a   Section        0  libinit2.o(.ARM.Collect$$libinit$$00000019)
    .ARM.Collect$$libinit$$0000001B          0x0000048a   Section        0  libinit2.o(.ARM.Collect$$libinit$$0000001B)
    .ARM.Collect$$libinit$$0000001D          0x0000048a   Section        0  libinit2.o(.ARM.Collect$$libinit$$0000001D)
    .ARM.Collect$$libinit$$0000001F          0x0000048a   Section        0  libinit2.o(.ARM.Collect$$libinit$$0000001F)
    .ARM.Collect$$libinit$$00000021          0x0000048a   Section        0  libinit2.o(.ARM.Collect$$libinit$$00000021)
    .ARM.Collect$$libinit$$00000023          0x0000048a   Section        0  libinit2.o(.ARM.Collect$$libinit$$00000023)
    .ARM.Collect$$libinit$$00000025          0x0000048a   Section        0  libinit2.o(.ARM.Collect$$libinit$$00000025)
    .ARM.Collect$$libinit$$0000002C          0x0000048a   Section        0  libinit2.o(.ARM.Collect$$libinit$$0000002C)
    .ARM.Collect$$libinit$$0000002E          0x0000048a   Section        0  libinit2.o(.ARM.Collect$$libinit$$0000002E)
    .ARM.Collect$$libinit$$00000030          0x0000048a   Section        0  libinit2.o(.ARM.Collect$$libinit$$00000030)
    .ARM.Collect$$libinit$$00000032          0x0000048a   Section        0  libinit2.o(.ARM.Collect$$libinit$$00000032)
    .ARM.Collect$$libinit$$00000033          0x0000048a   Section        2  libinit2.o(.ARM.Collect$$libinit$$00000033)
    .ARM.Collect$$libshutdown$$00000000      0x0000048c   Section        2  libshutdown.o(.ARM.Collect$$libshutdown$$00000000)
    .ARM.Collect$$libshutdown$$00000002      0x0000048e   Section        0  libshutdown2.o(.ARM.Collect$$libshutdown$$00000002)
    .ARM.Collect$$libshutdown$$00000004      0x0000048e   Section        0  libshutdown2.o(.ARM.Collect$$libshutdown$$00000004)
    .ARM.Collect$$libshutdown$$00000007      0x0000048e   Section        0  libshutdown2.o(.ARM.Collect$$libshutdown$$00000007)
    .ARM.Collect$$libshutdown$$0000000A      0x0000048e   Section        0  libshutdown2.o(.ARM.Collect$$libshutdown$$0000000A)
    .ARM.Collect$$libshutdown$$0000000C      0x0000048e   Section        0  libshutdown2.o(.ARM.Collect$$libshutdown$$0000000C)
    .ARM.Collect$$libshutdown$$0000000F      0x0000048e   Section        0  libshutdown2.o(.ARM.Collect$$libshutdown$$0000000F)
    .ARM.Collect$$libshutdown$$00000010      0x0000048e   Section        2  libshutdown2.o(.ARM.Collect$$libshutdown$$00000010)
    .ARM.Collect$$rtentry$$00000000          0x00000490   Section        0  __rtentry.o(.ARM.Collect$$rtentry$$00000000)
    .ARM.Collect$$rtentry$$00000002          0x00000490   Section        0  __rtentry2.o(.ARM.Collect$$rtentry$$00000002)
    .ARM.Collect$$rtentry$$00000007          0x00000490   Section        4  __rtentry7.o(.ARM.Collect$$rtentry$$00000007)
    .ARM.Collect$$rtentry$$00000009          0x00000494   Section        0  __rtentry2.o(.ARM.Collect$$rtentry$$00000009)
    .ARM.Collect$$rtentry$$0000000A          0x00000494   Section        4  __rtentry2.o(.ARM.Collect$$rtentry$$0000000A)
    .ARM.Collect$$rtentry$$0000000C          0x00000498   Section        0  __rtentry2.o(.ARM.Collect$$rtentry$$0000000C)
    .ARM.Collect$$rtentry$$0000000D          0x00000498   Section        8  __rtentry2.o(.ARM.Collect$$rtentry$$0000000D)
    .ARM.Collect$$rtentry$$00002718          0x000004a0   Section        4  __rtentry7.o(.ARM.Collect$$rtentry$$00002718)
    __lit__00000000                          0x000004a0   Data           4  __rtentry7.o(.ARM.Collect$$rtentry$$00002718)
    .ARM.Collect$$rtexit$$00000000           0x000004a4   Section        2  rtexit.o(.ARM.Collect$$rtexit$$00000000)
    .ARM.Collect$$rtexit$$00000002           0x000004a6   Section        0  rtexit2.o(.ARM.Collect$$rtexit$$00000002)
    .ARM.Collect$$rtexit$$00000003           0x000004a6   Section        4  rtexit2.o(.ARM.Collect$$rtexit$$00000003)
    .ARM.Collect$$rtexit$$00000004           0x000004aa   Section        6  rtexit2.o(.ARM.Collect$$rtexit$$00000004)
    .text                                    0x000004b0   Section      500  startup_mk66f18.o(.text)
    $v0                                      0x000004b0   Number         0  startup_mk66f18.o(.text)
    .text                                    0x000006a4   Section        0  strlen.o(.text)
    .text                                    0x000006e2   Section       78  rt_memclr_w.o(.text)
    .text                                    0x00000730   Section        0  exit.o(.text)
    i.BOARD_BootClockRUN                     0x00000744   Section        0  clock_config.o(i.BOARD_BootClockRUN)
    i.BOARD_InitDebugConsole                 0x000007a8   Section        0  board.o(i.BOARD_InitDebugConsole)
    i.BOARD_InitPins                         0x000007c0   Section        0  pin_mux.o(i.BOARD_InitPins)
    i.CLOCK_BootToPeeMode                    0x000007c4   Section        0  fsl_clock.o(i.CLOCK_BootToPeeMode)
    i.CLOCK_CONFIG_SetFllExtRefDiv           0x0000083c   Section        0  clock_config.o(i.CLOCK_CONFIG_SetFllExtRefDiv)
    CLOCK_CONFIG_SetFllExtRefDiv             0x0000083d   Thumb Code    14  clock_config.o(i.CLOCK_CONFIG_SetFllExtRefDiv)
    i.CLOCK_EnablePll0                       0x00000850   Section        0  fsl_clock.o(i.CLOCK_EnablePll0)
    i.CLOCK_GetCoreSysClkFreq                0x000008cc   Section        0  fsl_clock.o(i.CLOCK_GetCoreSysClkFreq)
    i.CLOCK_GetExtPllFreq                    0x000008e8   Section        0  fsl_clock.o(i.CLOCK_GetExtPllFreq)
    i.CLOCK_GetFllExtRefClkFreq              0x000008f4   Section        0  fsl_clock.o(i.CLOCK_GetFllExtRefClkFreq)
    CLOCK_GetFllExtRefClkFreq                0x000008f5   Thumb Code   108  fsl_clock.o(i.CLOCK_GetFllExtRefClkFreq)
    i.CLOCK_GetFllFreq                       0x00000964   Section        0  fsl_clock.o(i.CLOCK_GetFllFreq)
    i.CLOCK_GetFllRefClkFreq                 0x000009b0   Section        0  fsl_clock.o(i.CLOCK_GetFllRefClkFreq)
    CLOCK_GetFllRefClkFreq                   0x000009b1   Thumb Code    24  fsl_clock.o(i.CLOCK_GetFllRefClkFreq)
    i.CLOCK_GetInternalRefClkSelectFreq      0x000009d0   Section        0  fsl_clock.o(i.CLOCK_GetInternalRefClkSelectFreq)
    CLOCK_GetInternalRefClkSelectFreq        0x000009d1   Thumb Code    32  fsl_clock.o(i.CLOCK_GetInternalRefClkSelectFreq)
    i.CLOCK_GetMcgExtClkFreq                 0x000009fc   Section        0  fsl_clock.o(i.CLOCK_GetMcgExtClkFreq)
    CLOCK_GetMcgExtClkFreq                   0x000009fd   Thumb Code    84  fsl_clock.o(i.CLOCK_GetMcgExtClkFreq)
    i.CLOCK_GetOscRangeFromFreq              0x00000aa8   Section        0  fsl_clock.o(i.CLOCK_GetOscRangeFromFreq)
    CLOCK_GetOscRangeFromFreq                0x00000aa9   Thumb Code    28  fsl_clock.o(i.CLOCK_GetOscRangeFromFreq)
    i.CLOCK_GetOutClkFreq                    0x00000ac8   Section        0  fsl_clock.o(i.CLOCK_GetOutClkFreq)
    i.CLOCK_GetPll0Freq                      0x00000b20   Section        0  fsl_clock.o(i.CLOCK_GetPll0Freq)
    i.CLOCK_GetPll0RefFreq                   0x00000b98   Section        0  fsl_clock.o(i.CLOCK_GetPll0RefFreq)
    CLOCK_GetPll0RefFreq                     0x00000b99   Thumb Code     8  fsl_clock.o(i.CLOCK_GetPll0RefFreq)
    i.CLOCK_InitOsc0                         0x00000ba0   Section        0  fsl_clock.o(i.CLOCK_InitOsc0)
    i.CLOCK_SetExternalRefClkConfig          0x00000c14   Section        0  fsl_clock.o(i.CLOCK_SetExternalRefClkConfig)
    i.CLOCK_SetInternalRefClkConfig          0x00000c50   Section        0  fsl_clock.o(i.CLOCK_SetInternalRefClkConfig)
    i.CLOCK_SetPbeMode                       0x00000ce8   Section        0  fsl_clock.o(i.CLOCK_SetPbeMode)
    i.CLOCK_SetSimConfig                     0x00000db0   Section        0  fsl_clock.o(i.CLOCK_SetSimConfig)
    i.CLOCK_SetXtal0Freq                     0x00000df8   Section        0  clock_config.o(i.CLOCK_SetXtal0Freq)
    CLOCK_SetXtal0Freq                       0x00000df9   Thumb Code     6  clock_config.o(i.CLOCK_SetXtal0Freq)
    i.ConvertRadixNumToString                0x00000e04   Section        0  fsl_str.o(i.ConvertRadixNumToString)
    ConvertRadixNumToString                  0x00000e05   Thumb Code   168  fsl_str.o(i.ConvertRadixNumToString)
    i.DbgConsole_Init                        0x00000eac   Section        0  fsl_debug_console.o(i.DbgConsole_Init)
    i.DbgConsole_PrintCallback               0x00000fd0   Section        0  fsl_debug_console.o(i.DbgConsole_PrintCallback)
    DbgConsole_PrintCallback                 0x00000fd1   Thumb Code    62  fsl_debug_console.o(i.DbgConsole_PrintCallback)
    i.DbgConsole_Printf                      0x00001010   Section        0  fsl_debug_console.o(i.DbgConsole_Printf)
    i.DbgConsole_SendDataReliable            0x00001060   Section        0  fsl_debug_console.o(i.DbgConsole_SendDataReliable)
    i.HAL_UartGetStatus                      0x000010f0   Section        0  uart_adapter.o(i.HAL_UartGetStatus)
    HAL_UartGetStatus                        0x000010f1   Thumb Code    14  uart_adapter.o(i.HAL_UartGetStatus)
    i.HAL_UartInit                           0x00001100   Section        0  uart_adapter.o(i.HAL_UartInit)
    i.HAL_UartSendBlocking                   0x0000123c   Section        0  uart_adapter.o(i.HAL_UartSendBlocking)
    i.LPUART0_DriverIRQHandler               0x000012d0   Section        0  fsl_lpuart.o(i.LPUART0_DriverIRQHandler)
    i.SerialManager_Init                     0x000012fc   Section        0  serial_manager.o(i.SerialManager_Init)
    i.SerialManager_OpenReadHandle           0x000013a0   Section        0  serial_manager.o(i.SerialManager_OpenReadHandle)
    i.SerialManager_OpenWriteHandle          0x00001430   Section        0  serial_manager.o(i.SerialManager_OpenWriteHandle)
    i.SerialManager_StartWriting             0x000014bc   Section        0  serial_manager.o(i.SerialManager_StartWriting)
    SerialManager_StartWriting               0x000014bd   Thumb Code    54  serial_manager.o(i.SerialManager_StartWriting)
    i.SerialManager_Write                    0x000014f4   Section        0  serial_manager.o(i.SerialManager_Write)
    SerialManager_Write                      0x000014f5   Thumb Code    96  serial_manager.o(i.SerialManager_Write)
    i.SerialManager_WriteBlocking            0x000015a8   Section        0  serial_manager.o(i.SerialManager_WriteBlocking)
    i.Serial_UartInit                        0x000015bc   Section        0  serial_port_uart.o(i.Serial_UartInit)
    i.Serial_UartWrite                       0x00001674   Section        0  serial_port_uart.o(i.Serial_UartWrite)
    i.StrFormatPrintf                        0x00001710   Section        0  fsl_str.o(i.StrFormatPrintf)
    i.SystemInit                             0x00001940   Section        0  system_mk66f18.o(i.SystemInit)
    i.SystemInitHook                         0x00001970   Section        0  system_mk66f18.o(i.SystemInitHook)
    i.UART0_DriverIRQHandler                 0x00001974   Section        0  fsl_uart.o(i.UART0_DriverIRQHandler)
    i.UART0_RX_TX_DriverIRQHandler           0x000019a0   Section        0  fsl_uart.o(i.UART0_RX_TX_DriverIRQHandler)
    i.UART1_DriverIRQHandler                 0x000019b8   Section        0  fsl_uart.o(i.UART1_DriverIRQHandler)
    i.UART1_RX_TX_DriverIRQHandler           0x000019e4   Section        0  fsl_uart.o(i.UART1_RX_TX_DriverIRQHandler)
    i.UART2_DriverIRQHandler                 0x000019fc   Section        0  fsl_uart.o(i.UART2_DriverIRQHandler)
    i.UART2_RX_TX_DriverIRQHandler           0x00001a28   Section        0  fsl_uart.o(i.UART2_RX_TX_DriverIRQHandler)
    i.UART3_DriverIRQHandler                 0x00001a40   Section        0  fsl_uart.o(i.UART3_DriverIRQHandler)
    i.UART3_RX_TX_DriverIRQHandler           0x00001a6c   Section        0  fsl_uart.o(i.UART3_RX_TX_DriverIRQHandler)
    i.UART4_DriverIRQHandler                 0x00001a84   Section        0  fsl_uart.o(i.UART4_DriverIRQHandler)
    i.UART4_RX_TX_DriverIRQHandler           0x00001ab0   Section        0  fsl_uart.o(i.UART4_RX_TX_DriverIRQHandler)
    i.UART_GetDefaultConfig                  0x00001ac8   Section        0  fsl_uart.o(i.UART_GetDefaultConfig)
    i.UART_GetInstance                       0x00001b30   Section        0  fsl_uart.o(i.UART_GetInstance)
    i.UART_Init                              0x00001ba4   Section        0  fsl_uart.o(i.UART_Init)
    i.UART_WriteBlocking                     0x00001e50   Section        0  fsl_uart.o(i.UART_WriteBlocking)
    i.__aeabi_assert                         0x00001e70   Section        0  fsl_assert.o(i.__aeabi_assert)
    i._sys_exit                              0x00001eb4   Section        0  fsl_debug_console.o(i._sys_exit)
    i.main                                   0x00001eb8   Section        0  main.o(i.main)
    x$fpl$fpinit                             0x00001ee0   Section       10  fpinit.o(x$fpl$fpinit)
    $v0                                      0x00001ee0   Number         0  fpinit.o(x$fpl$fpinit)
    .constdata                               0x00001eec   Section       84  clock_config.o(.constdata)
    .constdata                               0x00001f40   Section       48  fsl_uart.o(.constdata)
    s_uartBases                              0x00001f40   Data          20  fsl_uart.o(.constdata)
    s_uartIRQ                                0x00001f54   Data           5  fsl_uart.o(.constdata)
    s_uartClock                              0x00001f5c   Data          20  fsl_uart.o(.constdata)
    .constdata                               0x00001f70   Section       96  fsl_clock.o(.constdata)
    mcgModeMatrix                            0x00001f70   Data          64  fsl_clock.o(.constdata)
    fllFactorTable                           0x00001fb0   Data          16  fsl_clock.o(.constdata)
    trimRange                                0x00001fc0   Data          16  fsl_clock.o(.constdata)
    .constdata                               0x00001fd0   Section       16  fsl_debug_console.o(.constdata)
    .constdata                               0x00001fe0   Section       20  uart_adapter.o(.constdata)
    s_UartAdapterBase                        0x00001fe0   Data          20  uart_adapter.o(.constdata)
    .conststring                             0x00001ff4   Section       69  uart_adapter.o(.conststring)
    .data                                    0x20000000   Section        8  fsl_lpuart.o(.data)
    s_lpuartHandle                           0x20000000   Data           4  fsl_lpuart.o(.data)
    s_lpuartIsr                              0x20000004   Data           4  fsl_lpuart.o(.data)
    .data                                    0x20000008   Section        4  fsl_uart.o(.data)
    s_uartIsr                                0x20000008   Data           4  fsl_uart.o(.data)
    .data                                    0x2000000c   Section       20  fsl_clock.o(.data)
    s_slowIrcFreq                            0x2000000c   Data           4  fsl_clock.o(.data)
    s_fastIrcFreq                            0x20000010   Data           4  fsl_clock.o(.data)
    s_extPllFreq                             0x20000014   Data           4  fsl_clock.o(.data)
    .data                                    0x20000020   Section        4  system_mk66f18.o(.data)
    .data                                    0x20000024   Section       16  fsl_debug_console.o(.data)
    s_debugConsoleReadWaitSemaphore          0x20000024   Data           1  fsl_debug_console.o(.data)
    .bss                                     0x20000034   Section       20  fsl_uart.o(.bss)
    s_uartHandle                             0x20000034   Data          20  fsl_uart.o(.bss)
    .bss                                     0x20000048   Section       28  fsl_debug_console.o(.bss)
    s_debugConsoleState                      0x20000048   Data          28  fsl_debug_console.o(.bss)

    Global Symbols

    Symbol Name                              Value     Ov Type        Size  Object(Section)

    BuildAttributes$$THM_ISAv4$E$P$D$K$B$S$7EM$VFPi3$EXTD16$VFPS$VFMA$PE$A:L22UL41UL21$X:L11$S22US41US21$IEEE1$IW$USESV6$~STKCKD$USESV7$~SHL$OTIME$ROPI$EBA8$UX$STANDARDLIB$REQ8$PRES8$EABIv2 0x00000000   Number         0  anon$$obj.o ABSOLUTE
    __ARM_use_no_argv                        0x00000000   Number         0  main.o ABSOLUTE
    __Vectors                                0x00000000   Data           4  startup_mk66f18.o(RESET)
    Image$$ZI$$Limit                          - Undefined Weak Reference
    __ARM_exceptions_init                     - Undefined Weak Reference
    __alloca_initialize                       - Undefined Weak Reference
    __arm_preinit_                            - Undefined Weak Reference
    __cpp_initialize__aeabi_                  - Undefined Weak Reference
    __cxa_finalize                            - Undefined Weak Reference
    __rt_locale                               - Undefined Weak Reference
    __sigvec_lookup                           - Undefined Weak Reference
    __user_heap_extent                        - Undefined Weak Reference
    _atexit_init                              - Undefined Weak Reference
    _call_atexit_fns                          - Undefined Weak Reference
    _clock_init                               - Undefined Weak Reference
    _fp_trap_init                             - Undefined Weak Reference
    _fp_trap_shutdown                         - Undefined Weak Reference
    _get_lc_collate                           - Undefined Weak Reference
    _get_lc_ctype                             - Undefined Weak Reference
    _get_lc_monetary                          - Undefined Weak Reference
    _get_lc_numeric                           - Undefined Weak Reference
    _get_lc_time                              - Undefined Weak Reference
    _getenv_init                              - Undefined Weak Reference
    _handle_redirection                       - Undefined Weak Reference
    _initio                                   - Undefined Weak Reference
    _mutex_acquire                            - Undefined Weak Reference
    _mutex_free                               - Undefined Weak Reference
    _mutex_release                            - Undefined Weak Reference
    _rand_init                                - Undefined Weak Reference
    _signal_finish                            - Undefined Weak Reference
    _signal_init                              - Undefined Weak Reference
    _terminateio                              - Undefined Weak Reference
    __Vectors_End                            0x00000400   Data           0  startup_mk66f18.o(RESET)
    __Vectors_Size                           0x00000400   Number         0  startup_mk66f18.o ABSOLUTE
    __main                                   0x00000411   Thumb Code     8  __main.o(!!!main)
    __scatterload                            0x00000419   Thumb Code     0  __scatter.o(!!!scatter)
    __scatterload_rt2                        0x00000419   Thumb Code    44  __scatter.o(!!!scatter)
    __scatterload_rt2_thumb_only             0x00000419   Thumb Code     0  __scatter.o(!!!scatter)
    __scatterload_null                       0x00000427   Thumb Code     0  __scatter.o(!!!scatter)
    __scatterload_copy                       0x0000044d   Thumb Code    26  __scatter_copy.o(!!handler_copy)
    __scatterload_zeroinit                   0x00000469   Thumb Code    28  __scatter_zi.o(!!handler_zi)
    __rt_lib_init                            0x00000485   Thumb Code     0  libinit.o(.ARM.Collect$$libinit$$00000000)
    __rt_lib_init_fp_1                       0x00000487   Thumb Code     0  libinit2.o(.ARM.Collect$$libinit$$00000001)
    __rt_lib_init_alloca_1                   0x0000048b   Thumb Code     0  libinit2.o(.ARM.Collect$$libinit$$0000002E)
    __rt_lib_init_argv_1                     0x0000048b   Thumb Code     0  libinit2.o(.ARM.Collect$$libinit$$0000002C)
    __rt_lib_init_atexit_1                   0x0000048b   Thumb Code     0  libinit2.o(.ARM.Collect$$libinit$$0000001B)
    __rt_lib_init_clock_1                    0x0000048b   Thumb Code     0  libinit2.o(.ARM.Collect$$libinit$$00000021)
    __rt_lib_init_cpp_1                      0x0000048b   Thumb Code     0  libinit2.o(.ARM.Collect$$libinit$$00000032)
    __rt_lib_init_exceptions_1               0x0000048b   Thumb Code     0  libinit2.o(.ARM.Collect$$libinit$$00000030)
    __rt_lib_init_fp_trap_1                  0x0000048b   Thumb Code     0  libinit2.o(.ARM.Collect$$libinit$$0000001F)
    __rt_lib_init_getenv_1                   0x0000048b   Thumb Code     0  libinit2.o(.ARM.Collect$$libinit$$00000023)
    __rt_lib_init_heap_1                     0x0000048b   Thumb Code     0  libinit2.o(.ARM.Collect$$libinit$$0000000A)
    __rt_lib_init_lc_collate_1               0x0000048b   Thumb Code     0  libinit2.o(.ARM.Collect$$libinit$$00000011)
    __rt_lib_init_lc_ctype_1                 0x0000048b   Thumb Code     0  libinit2.o(.ARM.Collect$$libinit$$00000013)
    __rt_lib_init_lc_monetary_1              0x0000048b   Thumb Code     0  libinit2.o(.ARM.Collect$$libinit$$00000015)
    __rt_lib_init_lc_numeric_1               0x0000048b   Thumb Code     0  libinit2.o(.ARM.Collect$$libinit$$00000017)
    __rt_lib_init_lc_time_1                  0x0000048b   Thumb Code     0  libinit2.o(.ARM.Collect$$libinit$$00000019)
    __rt_lib_init_preinit_1                  0x0000048b   Thumb Code     0  libinit2.o(.ARM.Collect$$libinit$$00000004)
    __rt_lib_init_rand_1                     0x0000048b   Thumb Code     0  libinit2.o(.ARM.Collect$$libinit$$0000000E)
    __rt_lib_init_return                     0x0000048b   Thumb Code     0  libinit2.o(.ARM.Collect$$libinit$$00000033)
    __rt_lib_init_signal_1                   0x0000048b   Thumb Code     0  libinit2.o(.ARM.Collect$$libinit$$0000001D)
    __rt_lib_init_stdio_1                    0x0000048b   Thumb Code     0  libinit2.o(.ARM.Collect$$libinit$$00000025)
    __rt_lib_init_user_alloc_1               0x0000048b   Thumb Code     0  libinit2.o(.ARM.Collect$$libinit$$0000000C)
    __rt_lib_shutdown                        0x0000048d   Thumb Code     0  libshutdown.o(.ARM.Collect$$libshutdown$$00000000)
    __rt_lib_shutdown_cpp_1                  0x0000048f   Thumb Code     0  libshutdown2.o(.ARM.Collect$$libshutdown$$00000002)
    __rt_lib_shutdown_fp_trap_1              0x0000048f   Thumb Code     0  libshutdown2.o(.ARM.Collect$$libshutdown$$00000007)
    __rt_lib_shutdown_heap_1                 0x0000048f   Thumb Code     0  libshutdown2.o(.ARM.Collect$$libshutdown$$0000000F)
    __rt_lib_shutdown_return                 0x0000048f   Thumb Code     0  libshutdown2.o(.ARM.Collect$$libshutdown$$00000010)
    __rt_lib_shutdown_signal_1               0x0000048f   Thumb Code     0  libshutdown2.o(.ARM.Collect$$libshutdown$$0000000A)
    __rt_lib_shutdown_stdio_1                0x0000048f   Thumb Code     0  libshutdown2.o(.ARM.Collect$$libshutdown$$00000004)
    __rt_lib_shutdown_user_alloc_1           0x0000048f   Thumb Code     0  libshutdown2.o(.ARM.Collect$$libshutdown$$0000000C)
    __rt_entry                               0x00000491   Thumb Code     0  __rtentry.o(.ARM.Collect$$rtentry$$00000000)
    __rt_entry_presh_1                       0x00000491   Thumb Code     0  __rtentry2.o(.ARM.Collect$$rtentry$$00000002)
    __rt_entry_sh                            0x00000491   Thumb Code     0  __rtentry7.o(.ARM.Collect$$rtentry$$00000007)
    __rt_entry_li                            0x00000495   Thumb Code     0  __rtentry2.o(.ARM.Collect$$rtentry$$0000000A)
    __rt_entry_postsh_1                      0x00000495   Thumb Code     0  __rtentry2.o(.ARM.Collect$$rtentry$$00000009)
    __rt_entry_main                          0x00000499   Thumb Code     0  __rtentry2.o(.ARM.Collect$$rtentry$$0000000D)
    __rt_entry_postli_1                      0x00000499   Thumb Code     0  __rtentry2.o(.ARM.Collect$$rtentry$$0000000C)
    __rt_exit                                0x000004a5   Thumb Code     0  rtexit.o(.ARM.Collect$$rtexit$$00000000)
    __rt_exit_ls                             0x000004a7   Thumb Code     0  rtexit2.o(.ARM.Collect$$rtexit$$00000003)
    __rt_exit_prels_1                        0x000004a7   Thumb Code     0  rtexit2.o(.ARM.Collect$$rtexit$$00000002)
    __rt_exit_exit                           0x000004ab   Thumb Code     0  rtexit2.o(.ARM.Collect$$rtexit$$00000004)
    Reset_Handler                            0x000004b1   Thumb Code    24  startup_mk66f18.o(.text)
    NMI_Handler                              0x000004c9   Thumb Code     2  startup_mk66f18.o(.text)
    HardFault_Handler                        0x000004cb   Thumb Code     2  startup_mk66f18.o(.text)
    MemManage_Handler                        0x000004cd   Thumb Code     2  startup_mk66f18.o(.text)
    BusFault_Handler                         0x000004cf   Thumb Code     2  startup_mk66f18.o(.text)
    UsageFault_Handler                       0x000004d1   Thumb Code     2  startup_mk66f18.o(.text)
    SVC_Handler                              0x000004d3   Thumb Code     2  startup_mk66f18.o(.text)
    DebugMon_Handler                         0x000004d5   Thumb Code     2  startup_mk66f18.o(.text)
    PendSV_Handler                           0x000004d7   Thumb Code     2  startup_mk66f18.o(.text)
    SysTick_Handler                          0x000004d9   Thumb Code     2  startup_mk66f18.o(.text)
    DMA0_DMA16_IRQHandler                    0x000004db   Thumb Code     4  startup_mk66f18.o(.text)
    DMA1_DMA17_IRQHandler                    0x000004df   Thumb Code     4  startup_mk66f18.o(.text)
    DMA2_DMA18_IRQHandler                    0x000004e3   Thumb Code     4  startup_mk66f18.o(.text)
    DMA3_DMA19_IRQHandler                    0x000004e7   Thumb Code     4  startup_mk66f18.o(.text)
    DMA4_DMA20_IRQHandler                    0x000004eb   Thumb Code     4  startup_mk66f18.o(.text)
    DMA5_DMA21_IRQHandler                    0x000004ef   Thumb Code     4  startup_mk66f18.o(.text)
    DMA6_DMA22_IRQHandler                    0x000004f3   Thumb Code     4  startup_mk66f18.o(.text)
    DMA7_DMA23_IRQHandler                    0x000004f7   Thumb Code     4  startup_mk66f18.o(.text)
    DMA8_DMA24_IRQHandler                    0x000004fb   Thumb Code     4  startup_mk66f18.o(.text)
    DMA9_DMA25_IRQHandler                    0x000004ff   Thumb Code     4  startup_mk66f18.o(.text)
    DMA10_DMA26_IRQHandler                   0x00000503   Thumb Code     4  startup_mk66f18.o(.text)
    DMA11_DMA27_IRQHandler                   0x00000507   Thumb Code     4  startup_mk66f18.o(.text)
    DMA12_DMA28_IRQHandler                   0x0000050b   Thumb Code     4  startup_mk66f18.o(.text)
    DMA13_DMA29_IRQHandler                   0x0000050f   Thumb Code     4  startup_mk66f18.o(.text)
    DMA14_DMA30_IRQHandler                   0x00000513   Thumb Code     4  startup_mk66f18.o(.text)
    DMA15_DMA31_IRQHandler                   0x00000517   Thumb Code     4  startup_mk66f18.o(.text)
    DMA_Error_IRQHandler                     0x0000051b   Thumb Code     4  startup_mk66f18.o(.text)
    I2C0_IRQHandler                          0x0000051f   Thumb Code     4  startup_mk66f18.o(.text)
    I2C1_IRQHandler                          0x00000523   Thumb Code     4  startup_mk66f18.o(.text)
    SPI0_IRQHandler                          0x00000527   Thumb Code     4  startup_mk66f18.o(.text)
    SPI1_IRQHandler                          0x0000052b   Thumb Code     4  startup_mk66f18.o(.text)
    I2S0_Tx_IRQHandler                       0x0000052f   Thumb Code     4  startup_mk66f18.o(.text)
    I2S0_Rx_IRQHandler                       0x00000533   Thumb Code     4  startup_mk66f18.o(.text)
    UART0_RX_TX_IRQHandler                   0x00000537   Thumb Code     4  startup_mk66f18.o(.text)
    UART0_ERR_IRQHandler                     0x0000053b   Thumb Code     4  startup_mk66f18.o(.text)
    UART1_RX_TX_IRQHandler                   0x0000053f   Thumb Code     4  startup_mk66f18.o(.text)
    UART1_ERR_IRQHandler                     0x00000543   Thumb Code     4  startup_mk66f18.o(.text)
    UART2_RX_TX_IRQHandler                   0x00000547   Thumb Code     4  startup_mk66f18.o(.text)
    UART2_ERR_IRQHandler                     0x0000054b   Thumb Code     4  startup_mk66f18.o(.text)
    UART3_RX_TX_IRQHandler                   0x0000054f   Thumb Code     4  startup_mk66f18.o(.text)
    UART3_ERR_IRQHandler                     0x00000553   Thumb Code     4  startup_mk66f18.o(.text)
    SPI2_IRQHandler                          0x00000557   Thumb Code     4  startup_mk66f18.o(.text)
    UART4_RX_TX_IRQHandler                   0x0000055b   Thumb Code     4  startup_mk66f18.o(.text)
    UART4_ERR_IRQHandler                     0x0000055f   Thumb Code     4  startup_mk66f18.o(.text)
    I2C2_IRQHandler                          0x00000563   Thumb Code     4  startup_mk66f18.o(.text)
    CAN0_ORed_Message_buffer_IRQHandler      0x00000567   Thumb Code     4  startup_mk66f18.o(.text)
    CAN0_Bus_Off_IRQHandler                  0x0000056b   Thumb Code     4  startup_mk66f18.o(.text)
    CAN0_Error_IRQHandler                    0x0000056f   Thumb Code     4  startup_mk66f18.o(.text)
    CAN0_Tx_Warning_IRQHandler               0x00000573   Thumb Code     4  startup_mk66f18.o(.text)
    CAN0_Rx_Warning_IRQHandler               0x00000577   Thumb Code     4  startup_mk66f18.o(.text)
    CAN0_Wake_Up_IRQHandler                  0x0000057b   Thumb Code     4  startup_mk66f18.o(.text)
    SDHC_IRQHandler                          0x0000057f   Thumb Code     4  startup_mk66f18.o(.text)
    ENET_1588_Timer_IRQHandler               0x00000583   Thumb Code     4  startup_mk66f18.o(.text)
    ENET_Transmit_IRQHandler                 0x00000587   Thumb Code     4  startup_mk66f18.o(.text)
    ENET_Receive_IRQHandler                  0x0000058b   Thumb Code     4  startup_mk66f18.o(.text)
    ENET_Error_IRQHandler                    0x0000058f   Thumb Code     4  startup_mk66f18.o(.text)
    LPUART0_IRQHandler                       0x00000593   Thumb Code     4  startup_mk66f18.o(.text)
    I2C3_IRQHandler                          0x00000597   Thumb Code     4  startup_mk66f18.o(.text)
    CAN1_ORed_Message_buffer_IRQHandler      0x0000059b   Thumb Code     4  startup_mk66f18.o(.text)
    CAN1_Bus_Off_IRQHandler                  0x0000059f   Thumb Code     4  startup_mk66f18.o(.text)
    CAN1_Error_IRQHandler                    0x000005a3   Thumb Code     4  startup_mk66f18.o(.text)
    CAN1_Tx_Warning_IRQHandler               0x000005a7   Thumb Code     4  startup_mk66f18.o(.text)
    CAN1_Rx_Warning_IRQHandler               0x000005ab   Thumb Code     4  startup_mk66f18.o(.text)
    CAN1_Wake_Up_IRQHandler                  0x000005af   Thumb Code     4  startup_mk66f18.o(.text)
    ADC0_IRQHandler                          0x000005b3   Thumb Code     0  startup_mk66f18.o(.text)
    ADC1_IRQHandler                          0x000005b3   Thumb Code     0  startup_mk66f18.o(.text)
    CAN0_DriverIRQHandler                    0x000005b3   Thumb Code     0  startup_mk66f18.o(.text)
    CAN1_DriverIRQHandler                    0x000005b3   Thumb Code     0  startup_mk66f18.o(.text)
    CMP0_IRQHandler                          0x000005b3   Thumb Code     0  startup_mk66f18.o(.text)
    CMP1_IRQHandler                          0x000005b3   Thumb Code     0  startup_mk66f18.o(.text)
    CMP2_IRQHandler                          0x000005b3   Thumb Code     0  startup_mk66f18.o(.text)
    CMP3_IRQHandler                          0x000005b3   Thumb Code     0  startup_mk66f18.o(.text)
    CMT_IRQHandler                           0x000005b3   Thumb Code     0  startup_mk66f18.o(.text)
    DAC0_IRQHandler                          0x000005b3   Thumb Code     0  startup_mk66f18.o(.text)
    DAC1_IRQHandler                          0x000005b3   Thumb Code     0  startup_mk66f18.o(.text)
    DMA0_DMA16_DriverIRQHandler              0x000005b3   Thumb Code     0  startup_mk66f18.o(.text)
    DMA10_DMA26_DriverIRQHandler             0x000005b3   Thumb Code     0  startup_mk66f18.o(.text)
    DMA11_DMA27_DriverIRQHandler             0x000005b3   Thumb Code     0  startup_mk66f18.o(.text)
    DMA12_DMA28_DriverIRQHandler             0x000005b3   Thumb Code     0  startup_mk66f18.o(.text)
    DMA13_DMA29_DriverIRQHandler             0x000005b3   Thumb Code     0  startup_mk66f18.o(.text)
    DMA14_DMA30_DriverIRQHandler             0x000005b3   Thumb Code     0  startup_mk66f18.o(.text)
    DMA15_DMA31_DriverIRQHandler             0x000005b3   Thumb Code     0  startup_mk66f18.o(.text)
    DMA1_DMA17_DriverIRQHandler              0x000005b3   Thumb Code     0  startup_mk66f18.o(.text)
    DMA2_DMA18_DriverIRQHandler              0x000005b3   Thumb Code     0  startup_mk66f18.o(.text)
    DMA3_DMA19_DriverIRQHandler              0x000005b3   Thumb Code     0  startup_mk66f18.o(.text)
    DMA4_DMA20_DriverIRQHandler              0x000005b3   Thumb Code     0  startup_mk66f18.o(.text)
    DMA5_DMA21_DriverIRQHandler              0x000005b3   Thumb Code     0  startup_mk66f18.o(.text)
    DMA6_DMA22_DriverIRQHandler              0x000005b3   Thumb Code     0  startup_mk66f18.o(.text)
    DMA7_DMA23_DriverIRQHandler              0x000005b3   Thumb Code     0  startup_mk66f18.o(.text)
    DMA8_DMA24_DriverIRQHandler              0x000005b3   Thumb Code     0  startup_mk66f18.o(.text)
    DMA9_DMA25_DriverIRQHandler              0x000005b3   Thumb Code     0  startup_mk66f18.o(.text)
    DMA_Error_DriverIRQHandler               0x000005b3   Thumb Code     0  startup_mk66f18.o(.text)
    DefaultISR                               0x000005b3   Thumb Code     0  startup_mk66f18.o(.text)
    ENET_1588_Timer_DriverIRQHandler         0x000005b3   Thumb Code     0  startup_mk66f18.o(.text)
    ENET_Error_DriverIRQHandler              0x000005b3   Thumb Code     0  startup_mk66f18.o(.text)
    ENET_Receive_DriverIRQHandler            0x000005b3   Thumb Code     0  startup_mk66f18.o(.text)
    ENET_Transmit_DriverIRQHandler           0x000005b3   Thumb Code     0  startup_mk66f18.o(.text)
    FTFE_IRQHandler                          0x000005b3   Thumb Code     0  startup_mk66f18.o(.text)
    FTM0_IRQHandler                          0x000005b3   Thumb Code     0  startup_mk66f18.o(.text)
    FTM1_IRQHandler                          0x000005b3   Thumb Code     0  startup_mk66f18.o(.text)
    FTM2_IRQHandler                          0x000005b3   Thumb Code     0  startup_mk66f18.o(.text)
    FTM3_IRQHandler                          0x000005b3   Thumb Code     0  startup_mk66f18.o(.text)
    I2C0_DriverIRQHandler                    0x000005b3   Thumb Code     0  startup_mk66f18.o(.text)
    I2C1_DriverIRQHandler                    0x000005b3   Thumb Code     0  startup_mk66f18.o(.text)
    I2C2_DriverIRQHandler                    0x000005b3   Thumb Code     0  startup_mk66f18.o(.text)
    I2C3_DriverIRQHandler                    0x000005b3   Thumb Code     0  startup_mk66f18.o(.text)
    I2S0_Rx_DriverIRQHandler                 0x000005b3   Thumb Code     0  startup_mk66f18.o(.text)
    I2S0_Tx_DriverIRQHandler                 0x000005b3   Thumb Code     0  startup_mk66f18.o(.text)
    LLWU_IRQHandler                          0x000005b3   Thumb Code     0  startup_mk66f18.o(.text)
    LPTMR0_IRQHandler                        0x000005b3   Thumb Code     0  startup_mk66f18.o(.text)
    LVD_LVW_IRQHandler                       0x000005b3   Thumb Code     0  startup_mk66f18.o(.text)
    MCG_IRQHandler                           0x000005b3   Thumb Code     0  startup_mk66f18.o(.text)
    MCM_IRQHandler                           0x000005b3   Thumb Code     0  startup_mk66f18.o(.text)
    PDB0_IRQHandler                          0x000005b3   Thumb Code     0  startup_mk66f18.o(.text)
    PIT0_IRQHandler                          0x000005b3   Thumb Code     0  startup_mk66f18.o(.text)
    PIT1_IRQHandler                          0x000005b3   Thumb Code     0  startup_mk66f18.o(.text)
    PIT2_IRQHandler                          0x000005b3   Thumb Code     0  startup_mk66f18.o(.text)
    PIT3_IRQHandler                          0x000005b3   Thumb Code     0  startup_mk66f18.o(.text)
    PORTA_IRQHandler                         0x000005b3   Thumb Code     0  startup_mk66f18.o(.text)
    PORTB_IRQHandler                         0x000005b3   Thumb Code     0  startup_mk66f18.o(.text)
    PORTC_IRQHandler                         0x000005b3   Thumb Code     0  startup_mk66f18.o(.text)
    PORTD_IRQHandler                         0x000005b3   Thumb Code     0  startup_mk66f18.o(.text)
    PORTE_IRQHandler                         0x000005b3   Thumb Code     0  startup_mk66f18.o(.text)
    RNG_IRQHandler                           0x000005b3   Thumb Code     0  startup_mk66f18.o(.text)
    RTC_IRQHandler                           0x000005b3   Thumb Code     0  startup_mk66f18.o(.text)
    RTC_Seconds_IRQHandler                   0x000005b3   Thumb Code     0  startup_mk66f18.o(.text)
    Read_Collision_IRQHandler                0x000005b3   Thumb Code     0  startup_mk66f18.o(.text)
    Reserved46_IRQHandler                    0x000005b3   Thumb Code     0  startup_mk66f18.o(.text)
    Reserved71_IRQHandler                    0x000005b3   Thumb Code     0  startup_mk66f18.o(.text)
    Reserved84_IRQHandler                    0x000005b3   Thumb Code     0  startup_mk66f18.o(.text)
    Reserved85_IRQHandler                    0x000005b3   Thumb Code     0  startup_mk66f18.o(.text)
    SDHC_DriverIRQHandler                    0x000005b3   Thumb Code     0  startup_mk66f18.o(.text)
    SPI0_DriverIRQHandler                    0x000005b3   Thumb Code     0  startup_mk66f18.o(.text)
    SPI1_DriverIRQHandler                    0x000005b3   Thumb Code     0  startup_mk66f18.o(.text)
    SPI2_DriverIRQHandler                    0x000005b3   Thumb Code     0  startup_mk66f18.o(.text)
    SWI_IRQHandler                           0x000005b3   Thumb Code     0  startup_mk66f18.o(.text)
    TPM1_IRQHandler                          0x000005b3   Thumb Code     0  startup_mk66f18.o(.text)
    TPM2_IRQHandler                          0x000005b3   Thumb Code     0  startup_mk66f18.o(.text)
    TSI0_IRQHandler                          0x000005b3   Thumb Code     0  startup_mk66f18.o(.text)
    UART0_ERR_DriverIRQHandler               0x000005b3   Thumb Code     0  startup_mk66f18.o(.text)
    UART1_ERR_DriverIRQHandler               0x000005b3   Thumb Code     0  startup_mk66f18.o(.text)
    UART2_ERR_DriverIRQHandler               0x000005b3   Thumb Code     0  startup_mk66f18.o(.text)
    UART3_ERR_DriverIRQHandler               0x000005b3   Thumb Code     0  startup_mk66f18.o(.text)
    UART4_ERR_DriverIRQHandler               0x000005b3   Thumb Code     0  startup_mk66f18.o(.text)
    USB0_IRQHandler                          0x000005b3   Thumb Code     0  startup_mk66f18.o(.text)
    USBDCD_IRQHandler                        0x000005b3   Thumb Code     0  startup_mk66f18.o(.text)
    USBHSDCD_IRQHandler                      0x000005b3   Thumb Code     0  startup_mk66f18.o(.text)
    USBHS_IRQHandler                         0x000005b3   Thumb Code     0  startup_mk66f18.o(.text)
    WDOG_EWM_IRQHandler                      0x000005b3   Thumb Code     0  startup_mk66f18.o(.text)
    strlen                                   0x000006a5   Thumb Code    62  strlen.o(.text)
    __aeabi_memclr4                          0x000006e3   Thumb Code     0  rt_memclr_w.o(.text)
    __aeabi_memclr8                          0x000006e3   Thumb Code     0  rt_memclr_w.o(.text)
    __rt_memclr_w                            0x000006e3   Thumb Code    78  rt_memclr_w.o(.text)
    _memset_w                                0x000006e7   Thumb Code     0  rt_memclr_w.o(.text)
    exit                                     0x00000731   Thumb Code    18  exit.o(.text)
    BOARD_BootClockRUN                       0x00000745   Thumb Code    72  clock_config.o(i.BOARD_BootClockRUN)
    BOARD_InitDebugConsole                   0x000007a9   Thumb Code    24  board.o(i.BOARD_InitDebugConsole)
    BOARD_InitPins                           0x000007c1   Thumb Code     2  pin_mux.o(i.BOARD_InitPins)
    CLOCK_BootToPeeMode                      0x000007c5   Thumb Code    74  fsl_clock.o(i.CLOCK_BootToPeeMode)
    CLOCK_EnablePll0                         0x00000851   Thumb Code    78  fsl_clock.o(i.CLOCK_EnablePll0)
    CLOCK_GetCoreSysClkFreq                  0x000008cd   Thumb Code    22  fsl_clock.o(i.CLOCK_GetCoreSysClkFreq)
    CLOCK_GetExtPllFreq                      0x000008e9   Thumb Code     6  fsl_clock.o(i.CLOCK_GetExtPllFreq)
    CLOCK_GetFllFreq                         0x00000965   Thumb Code    66  fsl_clock.o(i.CLOCK_GetFllFreq)
    CLOCK_GetOutClkFreq                      0x00000ac9   Thumb Code    84  fsl_clock.o(i.CLOCK_GetOutClkFreq)
    CLOCK_GetPll0Freq                        0x00000b21   Thumb Code    70  fsl_clock.o(i.CLOCK_GetPll0Freq)
    CLOCK_InitOsc0                           0x00000ba1   Thumb Code   108  fsl_clock.o(i.CLOCK_InitOsc0)
    CLOCK_SetExternalRefClkConfig            0x00000c15   Thumb Code    56  fsl_clock.o(i.CLOCK_SetExternalRefClkConfig)
    CLOCK_SetInternalRefClkConfig            0x00000c51   Thumb Code   148  fsl_clock.o(i.CLOCK_SetInternalRefClkConfig)
    CLOCK_SetPbeMode                         0x00000ce9   Thumb Code   156  fsl_clock.o(i.CLOCK_SetPbeMode)
    CLOCK_SetSimConfig                       0x00000db1   Thumb Code    62  fsl_clock.o(i.CLOCK_SetSimConfig)
    DbgConsole_Init                          0x00000ead   Thumb Code   190  fsl_debug_console.o(i.DbgConsole_Init)
    DbgConsole_Printf                        0x00001011   Thumb Code    70  fsl_debug_console.o(i.DbgConsole_Printf)
    DbgConsole_SendDataReliable              0x00001061   Thumb Code    66  fsl_debug_console.o(i.DbgConsole_SendDataReliable)
    HAL_UartInit                             0x00001101   Thumb Code   220  uart_adapter.o(i.HAL_UartInit)
    HAL_UartSendBlocking                     0x0000123d   Thumb Code    82  uart_adapter.o(i.HAL_UartSendBlocking)
    LPUART0_DriverIRQHandler                 0x000012d1   Thumb Code    32  fsl_lpuart.o(i.LPUART0_DriverIRQHandler)
    SerialManager_Init                       0x000012fd   Thumb Code    90  serial_manager.o(i.SerialManager_Init)
    SerialManager_OpenReadHandle             0x000013a1   Thumb Code    68  serial_manager.o(i.SerialManager_OpenReadHandle)
    SerialManager_OpenWriteHandle            0x00001431   Thumb Code    62  serial_manager.o(i.SerialManager_OpenWriteHandle)
    SerialManager_WriteBlocking              0x000015a9   Thumb Code    20  serial_manager.o(i.SerialManager_WriteBlocking)
    Serial_UartInit                          0x000015bd   Thumb Code   102  serial_port_uart.o(i.Serial_UartInit)
    Serial_UartWrite                         0x00001675   Thumb Code    74  serial_port_uart.o(i.Serial_UartWrite)
    StrFormatPrintf                          0x00001711   Thumb Code   558  fsl_str.o(i.StrFormatPrintf)
    SystemInit                               0x00001941   Thumb Code    40  system_mk66f18.o(i.SystemInit)
    SystemInitHook                           0x00001971   Thumb Code     2  system_mk66f18.o(i.SystemInitHook)
    UART0_DriverIRQHandler                   0x00001975   Thumb Code    32  fsl_uart.o(i.UART0_DriverIRQHandler)
    UART0_RX_TX_DriverIRQHandler             0x000019a1   Thumb Code    24  fsl_uart.o(i.UART0_RX_TX_DriverIRQHandler)
    UART1_DriverIRQHandler                   0x000019b9   Thumb Code    32  fsl_uart.o(i.UART1_DriverIRQHandler)
    UART1_RX_TX_DriverIRQHandler             0x000019e5   Thumb Code    24  fsl_uart.o(i.UART1_RX_TX_DriverIRQHandler)
    UART2_DriverIRQHandler                   0x000019fd   Thumb Code    32  fsl_uart.o(i.UART2_DriverIRQHandler)
    UART2_RX_TX_DriverIRQHandler             0x00001a29   Thumb Code    24  fsl_uart.o(i.UART2_RX_TX_DriverIRQHandler)
    UART3_DriverIRQHandler                   0x00001a41   Thumb Code    32  fsl_uart.o(i.UART3_DriverIRQHandler)
    UART3_RX_TX_DriverIRQHandler             0x00001a6d   Thumb Code    24  fsl_uart.o(i.UART3_RX_TX_DriverIRQHandler)
    UART4_DriverIRQHandler                   0x00001a85   Thumb Code    32  fsl_uart.o(i.UART4_DriverIRQHandler)
    UART4_RX_TX_DriverIRQHandler             0x00001ab1   Thumb Code    24  fsl_uart.o(i.UART4_RX_TX_DriverIRQHandler)
    UART_GetDefaultConfig                    0x00001ac9   Thumb Code    62  fsl_uart.o(i.UART_GetDefaultConfig)
    UART_GetInstance                         0x00001b31   Thumb Code    50  fsl_uart.o(i.UART_GetInstance)
    UART_Init                                0x00001ba5   Thumb Code   464  fsl_uart.o(i.UART_Init)
    UART_WriteBlocking                       0x00001e51   Thumb Code    32  fsl_uart.o(i.UART_WriteBlocking)
    __aeabi_assert                           0x00001e71   Thumb Code    24  fsl_assert.o(i.__aeabi_assert)
    _sys_exit                                0x00001eb5   Thumb Code     4  fsl_debug_console.o(i._sys_exit)
    main                                     0x00001eb9   Thumb Code    22  main.o(i.main)
    _fp_init                                 0x00001ee1   Thumb Code    10  fpinit.o(x$fpl$fpinit)
    __fplib_config_fpu_vfp                   0x00001ee9   Thumb Code     0  fpinit.o(x$fpl$fpinit)
    __fplib_config_pureend_doubles           0x00001ee9   Thumb Code     0  fpinit.o(x$fpl$fpinit)
    mcgConfig_BOARD_BootClockHSRUN           0x00001eec   Data          12  clock_config.o(.constdata)
    simConfig_BOARD_BootClockHSRUN           0x00001ef8   Data           8  clock_config.o(.constdata)
    oscConfig_BOARD_BootClockHSRUN           0x00001f00   Data           8  clock_config.o(.constdata)
    mcgConfig_BOARD_BootClockVLPR            0x00001f08   Data          12  clock_config.o(.constdata)
    simConfig_BOARD_BootClockVLPR            0x00001f14   Data           8  clock_config.o(.constdata)
    oscConfig_BOARD_BootClockVLPR            0x00001f1c   Data           8  clock_config.o(.constdata)
    mcgConfig_BOARD_BootClockRUN             0x00001f24   Data          12  clock_config.o(.constdata)
    simConfig_BOARD_BootClockRUN             0x00001f30   Data           8  clock_config.o(.constdata)
    oscConfig_BOARD_BootClockRUN             0x00001f38   Data           8  clock_config.o(.constdata)
    Region$$Table$$Base                      0x0000203c   Number         0  anon$$obj.o(Region$$Table)
    Region$$Table$$Limit                     0x0000205c   Number         0  anon$$obj.o(Region$$Table)
    g_xtal0Freq                              0x20000018   Data           4  fsl_clock.o(.data)
    g_xtal32Freq                             0x2000001c   Data           4  fsl_clock.o(.data)
    SystemCoreClock                          0x20000020   Data           4  system_mk66f18.o(.data)
    g_serialHandle                           0x20000028   Data           4  fsl_debug_console.o(.data)
    __stdout                                 0x2000002c   Data           4  fsl_debug_console.o(.data)
    __stdin                                  0x20000030   Data           4  fsl_debug_console.o(.data)
    Image$$ARM_LIB_HEAP$$ZI$$Base            0x20000064   Number         0  anon$$obj.o ABSOLUTE
    Image$$ARM_LIB_HEAP$$ZI$$Limit           0x20000464   Number         0  anon$$obj.o ABSOLUTE
    Image$$ARM_LIB_STACK$$ZI$$Limit          0x20030000   Number         0  anon$$obj.o ABSOLUTE



==============================================================================

Memory Map of the image

  Image Entry point : 0x00000411

  Load Region LR_m_text (Base: 0x00000000, Size: 0x00002090, Max: 0x00100000, ABSOLUTE)

    Execution Region VECTOR_ROM (Exec base: 0x00000000, Load base: 0x00000000, Size: 0x00000400, Max: 0x00000400, ABSOLUTE)

    Exec Addr    Load Addr    Size         Type   Attr      Idx    E Section Name        Object

    0x00000000   0x00000000   0x00000400   Data   RO         2429    RESET               startup_mk66f18.o


    Execution Region ER_m_flash_config (Exec base: 0x00000400, Load base: 0x00000400, Size: 0x00000010, Max: 0x00000010, ABSOLUTE, FIXED)

    Exec Addr    Load Addr    Size         Type   Attr      Idx    E Section Name        Object

    0x00000400   0x00000400   0x00000010   Data   RO         2430    FlashConfig         startup_mk66f18.o


    Execution Region ER_m_text (Exec base: 0x00000410, Load base: 0x00000410, Size: 0x00001c4c, Max: 0x000ffbf0, ABSOLUTE)

    Exec Addr    Load Addr    Size         Type   Attr      Idx    E Section Name        Object

    0x00000410   0x00000410   0x00000008   Code   RO         2589  * !!!main             c_w.l(__main.o)
    0x00000418   0x00000418   0x00000034   Code   RO         2799    !!!scatter          c_w.l(__scatter.o)
    0x0000044c   0x0000044c   0x0000001a   Code   RO         2801    !!handler_copy      c_w.l(__scatter_copy.o)
    0x00000466   0x00000466   0x00000002   PAD
    0x00000468   0x00000468   0x0000001c   Code   RO         2803    !!handler_zi        c_w.l(__scatter_zi.o)
    0x00000484   0x00000484   0x00000002   Code   RO         2733    .ARM.Collect$$libinit$$00000000  c_w.l(libinit.o)
    0x00000486   0x00000486   0x00000004   Code   RO         2623    .ARM.Collect$$libinit$$00000001  c_w.l(libinit2.o)
    0x0000048a   0x0000048a   0x00000000   Code   RO         2626    .ARM.Collect$$libinit$$00000004  c_w.l(libinit2.o)
    0x0000048a   0x0000048a   0x00000000   Code   RO         2629    .ARM.Collect$$libinit$$0000000A  c_w.l(libinit2.o)
    0x0000048a   0x0000048a   0x00000000   Code   RO         2631    .ARM.Collect$$libinit$$0000000C  c_w.l(libinit2.o)
    0x0000048a   0x0000048a   0x00000000   Code   RO         2633    .ARM.Collect$$libinit$$0000000E  c_w.l(libinit2.o)
    0x0000048a   0x0000048a   0x00000000   Code   RO         2636    .ARM.Collect$$libinit$$00000011  c_w.l(libinit2.o)
    0x0000048a   0x0000048a   0x00000000   Code   RO         2638    .ARM.Collect$$libinit$$00000013  c_w.l(libinit2.o)
    0x0000048a   0x0000048a   0x00000000   Code   RO         2640    .ARM.Collect$$libinit$$00000015  c_w.l(libinit2.o)
    0x0000048a   0x0000048a   0x00000000   Code   RO         2642    .ARM.Collect$$libinit$$00000017  c_w.l(libinit2.o)
    0x0000048a   0x0000048a   0x00000000   Code   RO         2644    .ARM.Collect$$libinit$$00000019  c_w.l(libinit2.o)
    0x0000048a   0x0000048a   0x00000000   Code   RO         2646    .ARM.Collect$$libinit$$0000001B  c_w.l(libinit2.o)
    0x0000048a   0x0000048a   0x00000000   Code   RO         2648    .ARM.Collect$$libinit$$0000001D  c_w.l(libinit2.o)
    0x0000048a   0x0000048a   0x00000000   Code   RO         2650    .ARM.Collect$$libinit$$0000001F  c_w.l(libinit2.o)
    0x0000048a   0x0000048a   0x00000000   Code   RO         2652    .ARM.Collect$$libinit$$00000021  c_w.l(libinit2.o)
    0x0000048a   0x0000048a   0x00000000   Code   RO         2654    .ARM.Collect$$libinit$$00000023  c_w.l(libinit2.o)
    0x0000048a   0x0000048a   0x00000000   Code   RO         2656    .ARM.Collect$$libinit$$00000025  c_w.l(libinit2.o)
    0x0000048a   0x0000048a   0x00000000   Code   RO         2660    .ARM.Collect$$libinit$$0000002C  c_w.l(libinit2.o)
    0x0000048a   0x0000048a   0x00000000   Code   RO         2662    .ARM.Collect$$libinit$$0000002E  c_w.l(libinit2.o)
    0x0000048a   0x0000048a   0x00000000   Code   RO         2664    .ARM.Collect$$libinit$$00000030  c_w.l(libinit2.o)
    0x0000048a   0x0000048a   0x00000000   Code   RO         2666    .ARM.Collect$$libinit$$00000032  c_w.l(libinit2.o)
    0x0000048a   0x0000048a   0x00000002   Code   RO         2667    .ARM.Collect$$libinit$$00000033  c_w.l(libinit2.o)
    0x0000048c   0x0000048c   0x00000002   Code   RO         2796    .ARM.Collect$$libshutdown$$00000000  c_w.l(libshutdown.o)
    0x0000048e   0x0000048e   0x00000000   Code   RO         2751    .ARM.Collect$$libshutdown$$00000002  c_w.l(libshutdown2.o)
    0x0000048e   0x0000048e   0x00000000   Code   RO         2753    .ARM.Collect$$libshutdown$$00000004  c_w.l(libshutdown2.o)
    0x0000048e   0x0000048e   0x00000000   Code   RO         2756    .ARM.Collect$$libshutdown$$00000007  c_w.l(libshutdown2.o)
    0x0000048e   0x0000048e   0x00000000   Code   RO         2759    .ARM.Collect$$libshutdown$$0000000A  c_w.l(libshutdown2.o)
    0x0000048e   0x0000048e   0x00000000   Code   RO         2761    .ARM.Collect$$libshutdown$$0000000C  c_w.l(libshutdown2.o)
    0x0000048e   0x0000048e   0x00000000   Code   RO         2764    .ARM.Collect$$libshutdown$$0000000F  c_w.l(libshutdown2.o)
    0x0000048e   0x0000048e   0x00000002   Code   RO         2765    .ARM.Collect$$libshutdown$$00000010  c_w.l(libshutdown2.o)
    0x00000490   0x00000490   0x00000000   Code   RO         2593    .ARM.Collect$$rtentry$$00000000  c_w.l(__rtentry.o)
    0x00000490   0x00000490   0x00000000   Code   RO         2672    .ARM.Collect$$rtentry$$00000002  c_w.l(__rtentry2.o)
    0x00000490   0x00000490   0x00000004   Code   RO         2686    .ARM.Collect$$rtentry$$00000007  c_w.l(__rtentry7.o)
    0x00000494   0x00000494   0x00000000   Code   RO         2674    .ARM.Collect$$rtentry$$00000009  c_w.l(__rtentry2.o)
    0x00000494   0x00000494   0x00000004   Code   RO         2675    .ARM.Collect$$rtentry$$0000000A  c_w.l(__rtentry2.o)
    0x00000498   0x00000498   0x00000000   Code   RO         2677    .ARM.Collect$$rtentry$$0000000C  c_w.l(__rtentry2.o)
    0x00000498   0x00000498   0x00000008   Code   RO         2678    .ARM.Collect$$rtentry$$0000000D  c_w.l(__rtentry2.o)
    0x000004a0   0x000004a0   0x00000004   Code   RO         2687    .ARM.Collect$$rtentry$$00002718  c_w.l(__rtentry7.o)
    0x000004a4   0x000004a4   0x00000002   Code   RO         2736    .ARM.Collect$$rtexit$$00000000  c_w.l(rtexit.o)
    0x000004a6   0x000004a6   0x00000000   Code   RO         2770    .ARM.Collect$$rtexit$$00000002  c_w.l(rtexit2.o)
    0x000004a6   0x000004a6   0x00000004   Code   RO         2771    .ARM.Collect$$rtexit$$00000003  c_w.l(rtexit2.o)
    0x000004aa   0x000004aa   0x00000006   Code   RO         2772    .ARM.Collect$$rtexit$$00000004  c_w.l(rtexit2.o)
    0x000004b0   0x000004b0   0x000001f4   Code   RO         2431    .text               startup_mk66f18.o
    0x000006a4   0x000006a4   0x0000003e   Code   RO         2579    .text               c_w.l(strlen.o)
    0x000006e2   0x000006e2   0x0000004e   Code   RO         2587    .text               c_w.l(rt_memclr_w.o)
    0x00000730   0x00000730   0x00000012   Code   RO         2718    .text               c_w.l(exit.o)
    0x00000742   0x00000742   0x00000002   PAD
    0x00000744   0x00000744   0x00000064   Code   RO          102    i.BOARD_BootClockRUN  clock_config.o
    0x000007a8   0x000007a8   0x00000018   Code   RO            6    i.BOARD_InitDebugConsole  board.o
    0x000007c0   0x000007c0   0x00000002   Code   RO          187    i.BOARD_InitPins    pin_mux.o
    0x000007c2   0x000007c2   0x00000002   PAD
    0x000007c4   0x000007c4   0x00000078   Code   RO         1389    i.CLOCK_BootToPeeMode  fsl_clock.o
    0x0000083c   0x0000083c   0x00000014   Code   RO          104    i.CLOCK_CONFIG_SetFllExtRefDiv  clock_config.o
    0x00000850   0x00000850   0x0000007c   Code   RO         1396    i.CLOCK_EnablePll0  fsl_clock.o
    0x000008cc   0x000008cc   0x0000001c   Code   RO         1404    i.CLOCK_GetCoreSysClkFreq  fsl_clock.o
    0x000008e8   0x000008e8   0x0000000c   Code   RO         1406    i.CLOCK_GetExtPllFreq  fsl_clock.o
    0x000008f4   0x000008f4   0x00000070   Code   RO         1410    i.CLOCK_GetFllExtRefClkFreq  fsl_clock.o
    0x00000964   0x00000964   0x0000004c   Code   RO         1411    i.CLOCK_GetFllFreq  fsl_clock.o
    0x000009b0   0x000009b0   0x00000020   Code   RO         1412    i.CLOCK_GetFllRefClkFreq  fsl_clock.o
    0x000009d0   0x000009d0   0x0000002c   Code   RO         1415    i.CLOCK_GetInternalRefClkSelectFreq  fsl_clock.o
    0x000009fc   0x000009fc   0x000000ac   Code   RO         1416    i.CLOCK_GetMcgExtClkFreq  fsl_clock.o
    0x00000aa8   0x00000aa8   0x00000020   Code   RO         1421    i.CLOCK_GetOscRangeFromFreq  fsl_clock.o
    0x00000ac8   0x00000ac8   0x00000058   Code   RO         1422    i.CLOCK_GetOutClkFreq  fsl_clock.o
    0x00000b20   0x00000b20   0x00000078   Code   RO         1424    i.CLOCK_GetPll0Freq  fsl_clock.o
    0x00000b98   0x00000b98   0x00000008   Code   RO         1425    i.CLOCK_GetPll0RefFreq  fsl_clock.o
    0x00000ba0   0x00000ba0   0x00000074   Code   RO         1428    i.CLOCK_InitOsc0    fsl_clock.o
    0x00000c14   0x00000c14   0x0000003c   Code   RO         1434    i.CLOCK_SetExternalRefClkConfig  fsl_clock.o
    0x00000c50   0x00000c50   0x00000098   Code   RO         1439    i.CLOCK_SetInternalRefClkConfig  fsl_clock.o
    0x00000ce8   0x00000ce8   0x000000c8   Code   RO         1442    i.CLOCK_SetPbeMode  fsl_clock.o
    0x00000db0   0x00000db0   0x00000048   Code   RO         1447    i.CLOCK_SetSimConfig  fsl_clock.o
    0x00000df8   0x00000df8   0x0000000c   Code   RO          105    i.CLOCK_SetXtal0Freq  clock_config.o
    0x00000e04   0x00000e04   0x000000a8   Code   RO         2036    i.ConvertRadixNumToString  fsl_str.o
    0x00000eac   0x00000eac   0x00000124   Code   RO         1884    i.DbgConsole_Init   fsl_debug_console.o
    0x00000fd0   0x00000fd0   0x0000003e   Code   RO         1885    i.DbgConsole_PrintCallback  fsl_debug_console.o
    0x0000100e   0x0000100e   0x00000002   PAD
    0x00001010   0x00001010   0x00000050   Code   RO         1886    i.DbgConsole_Printf  fsl_debug_console.o
    0x00001060   0x00001060   0x00000090   Code   RO         1893    i.DbgConsole_SendDataReliable  fsl_debug_console.o
    0x000010f0   0x000010f0   0x0000000e   Code   RO         2105    i.HAL_UartGetStatus  uart_adapter.o
    0x000010fe   0x000010fe   0x00000002   PAD
    0x00001100   0x00001100   0x0000013c   Code   RO         2106    i.HAL_UartInit      uart_adapter.o
    0x0000123c   0x0000123c   0x00000094   Code   RO         2108    i.HAL_UartSendBlocking  uart_adapter.o
    0x000012d0   0x000012d0   0x0000002c   Code   RO          341    i.LPUART0_DriverIRQHandler  fsl_lpuart.o
    0x000012fc   0x000012fc   0x000000a4   Code   RO         2165    i.SerialManager_Init  serial_manager.o
    0x000013a0   0x000013a0   0x00000090   Code   RO         2166    i.SerialManager_OpenReadHandle  serial_manager.o
    0x00001430   0x00001430   0x0000008c   Code   RO         2167    i.SerialManager_OpenWriteHandle  serial_manager.o
    0x000014bc   0x000014bc   0x00000036   Code   RO         2171    i.SerialManager_StartWriting  serial_manager.o
    0x000014f2   0x000014f2   0x00000002   PAD
    0x000014f4   0x000014f4   0x000000b4   Code   RO         2172    i.SerialManager_Write  serial_manager.o
    0x000015a8   0x000015a8   0x00000014   Code   RO         2173    i.SerialManager_WriteBlocking  serial_manager.o
    0x000015bc   0x000015bc   0x000000b8   Code   RO         2262    i.Serial_UartInit   serial_port_uart.o
    0x00001674   0x00001674   0x0000009c   Code   RO         2264    i.Serial_UartWrite  serial_port_uart.o
    0x00001710   0x00001710   0x0000022e   Code   RO         2038    i.StrFormatPrintf   fsl_str.o
    0x0000193e   0x0000193e   0x00000002   PAD
    0x00001940   0x00001940   0x00000030   Code   RO         1840    i.SystemInit        system_mk66f18.o
    0x00001970   0x00001970   0x00000002   Code   RO         1841    i.SystemInitHook    system_mk66f18.o
    0x00001972   0x00001972   0x00000002   PAD
    0x00001974   0x00001974   0x0000002c   Code   RO          541    i.UART0_DriverIRQHandler  fsl_uart.o
    0x000019a0   0x000019a0   0x00000018   Code   RO          542    i.UART0_RX_TX_DriverIRQHandler  fsl_uart.o
    0x000019b8   0x000019b8   0x0000002c   Code   RO          543    i.UART1_DriverIRQHandler  fsl_uart.o
    0x000019e4   0x000019e4   0x00000018   Code   RO          544    i.UART1_RX_TX_DriverIRQHandler  fsl_uart.o
    0x000019fc   0x000019fc   0x0000002c   Code   RO          545    i.UART2_DriverIRQHandler  fsl_uart.o
    0x00001a28   0x00001a28   0x00000018   Code   RO          546    i.UART2_RX_TX_DriverIRQHandler  fsl_uart.o
    0x00001a40   0x00001a40   0x0000002c   Code   RO          547    i.UART3_DriverIRQHandler  fsl_uart.o
    0x00001a6c   0x00001a6c   0x00000018   Code   RO          548    i.UART3_RX_TX_DriverIRQHandler  fsl_uart.o
    0x00001a84   0x00001a84   0x0000002c   Code   RO          549    i.UART4_DriverIRQHandler  fsl_uart.o
    0x00001ab0   0x00001ab0   0x00000018   Code   RO          550    i.UART4_RX_TX_DriverIRQHandler  fsl_uart.o
    0x00001ac8   0x00001ac8   0x00000068   Code   RO          555    i.UART_GetDefaultConfig  fsl_uart.o
    0x00001b30   0x00001b30   0x00000074   Code   RO          557    i.UART_GetInstance  fsl_uart.o
    0x00001ba4   0x00001ba4   0x000002ac   Code   RO          559    i.UART_Init         fsl_uart.o
    0x00001e50   0x00001e50   0x00000020   Code   RO          576    i.UART_WriteBlocking  fsl_uart.o
    0x00001e70   0x00001e70   0x00000044   Code   RO         2080    i.__aeabi_assert    fsl_assert.o
    0x00001eb4   0x00001eb4   0x00000004   Code   RO         1895    i._sys_exit         fsl_debug_console.o
    0x00001eb8   0x00001eb8   0x00000028   Code   RO         2438    i.main              main.o
    0x00001ee0   0x00001ee0   0x0000000a   Code   RO         2710    x$fpl$fpinit        fz_wm.l(fpinit.o)
    0x00001eea   0x00001eea   0x00000002   PAD
    0x00001eec   0x00001eec   0x00000054   Data   RO          107    .constdata          clock_config.o
    0x00001f40   0x00001f40   0x00000030   Data   RO          579    .constdata          fsl_uart.o
    0x00001f70   0x00001f70   0x00000060   Data   RO         1450    .constdata          fsl_clock.o
    0x00001fd0   0x00001fd0   0x00000010   Data   RO         1900    .constdata          fsl_debug_console.o
    0x00001fe0   0x00001fe0   0x00000014   Data   RO         2109    .constdata          uart_adapter.o
    0x00001ff4   0x00001ff4   0x00000045   Data   RO         2110    .conststring        uart_adapter.o
    0x00002039   0x00002039   0x00000003   PAD
    0x0000203c   0x0000203c   0x00000020   Data   RO         2797    Region$$Table       anon$$obj.o


    Execution Region RW_m_data (Exec base: 0x1fff0000, Load base: 0x0000205c, Size: 0x00000000, Max: 0x00010000, ABSOLUTE)

    **** No section assigned to this execution region ****


    Execution Region RW_m_data_2 (Exec base: 0x20000000, Load base: 0x0000205c, Size: 0x00000064, Max: 0x0002f800, ABSOLUTE)

    Exec Addr    Load Addr    Size         Type   Attr      Idx    E Section Name        Object

    0x20000000   0x0000205c   0x00000008   Data   RW          370    .data               fsl_lpuart.o
    0x20000008   0x00002064   0x00000004   Data   RW          580    .data               fsl_uart.o
    0x2000000c   0x00002068   0x00000014   Data   RW         1451    .data               fsl_clock.o
    0x20000020   0x0000207c   0x00000004   Data   RW         1842    .data               system_mk66f18.o
    0x20000024   0x00002080   0x00000010   Data   RW         1901    .data               fsl_debug_console.o
    0x20000034        -       0x00000014   Zero   RW          578    .bss                fsl_uart.o
    0x20000048        -       0x0000001c   Zero   RW         1899    .bss                fsl_debug_console.o


    Execution Region ARM_LIB_HEAP (Exec base: 0x20000064, Load base: 0x00002090, Size: 0x00000400, Max: 0x00000400, ABSOLUTE)

    Exec Addr    Load Addr    Size         Type   Attr      Idx    E Section Name        Object

    0x20000064        -       0x00000400   Zero   RW            1    ARM_LIB_HEAP.bss    anon$$obj.o


    Execution Region ARM_LIB_STACK (Exec base: 0x2002fc00, Load base: 0x00002090, Size: 0x00000400, Max: 0x00000400, ABSOLUTE)

    Exec Addr    Load Addr    Size         Type   Attr      Idx    E Section Name        Object

    0x2002fc00        -       0x00000400   Zero   RW            2    ARM_LIB_STACK.bss   anon$$obj.o


==============================================================================

Image component sizes


      Code (inc. data)   RO Data    RW Data    ZI Data      Debug   Object Name

        24          0          0          0          0     738665   board.o
       132         40         84          0          0      11372   clock_config.o
        68         44          0          0          0        617   fsl_assert.o
      1568        362         96         20          0      24077   fsl_clock.o
       582        190         16         16         28      10217   fsl_debug_console.o
        44         12          0          8          0      18718   fsl_lpuart.o
       726          0          0          0          0       2634   fsl_str.o
      1276        388         48          4         20      12496   fsl_uart.o
        40         18          0          0          0        459   main.o
         2          0          0          0          0        429   pin_mux.o
       702        312          0          0          0       5582   serial_manager.o
       340        164          0          0          0       3585   serial_port_uart.o
       500        238       1040          0          0       3576   startup_mk66f18.o
        50          8          0          4          0       1140   system_mk66f18.o
       478        162         89          0          0       7390   uart_adapter.o

    ----------------------------------------------------------------------
      6544       1938       1408         52       2096     840957   Object Totals
         0          0         32          0       2048          0   (incl. Generated)
        12          0          3          0          0          0   (incl. Padding)

    ----------------------------------------------------------------------

      Code (inc. data)   RO Data    RW Data    ZI Data      Debug   Library Member Name

         8          0          0          0          0         68   __main.o
         0          0          0          0          0          0   __rtentry.o
        12          0          0          0          0          0   __rtentry2.o
         8          4          0          0          0          0   __rtentry7.o
        52          8          0          0          0          0   __scatter.o
        26          0          0          0          0          0   __scatter_copy.o
        28          0          0          0          0          0   __scatter_zi.o
        18          0          0          0          0         80   exit.o
         2          0          0          0          0          0   libinit.o
         6          0          0          0          0          0   libinit2.o
         2          0          0          0          0          0   libshutdown.o
         2          0          0          0          0          0   libshutdown2.o
        78          0          0          0          0         80   rt_memclr_w.o
         2          0          0          0          0          0   rtexit.o
        10          0          0          0          0          0   rtexit2.o
        62          0          0          0          0         76   strlen.o
        10          0          0          0          0        116   fpinit.o

    ----------------------------------------------------------------------
       332         12          0          0          0        420   Library Totals
         6          0          0          0          0          0   (incl. Padding)

    ----------------------------------------------------------------------

      Code (inc. data)   RO Data    RW Data    ZI Data      Debug   Library Name

       316         12          0          0          0        304   c_w.l
        10          0          0          0          0        116   fz_wm.l

    ----------------------------------------------------------------------
       332         12          0          0          0        420   Library Totals

    ----------------------------------------------------------------------

==============================================================================


      Code (inc. data)   RO Data    RW Data    ZI Data      Debug   

      6876       1950       1408         52       2096     835777   Grand Totals
      6876       1950       1408         52       2096     835777   ELF Image Totals
      6876       1950       1408         52          0          0   ROM Totals

==============================================================================

    Total RO  Size (Code + RO Data)                 8284 (   8.09kB)
    Total RW  Size (RW Data + ZI Data)              2148 (   2.10kB)
    Total ROM Size (Code + RO Data + RW Data)       8336 (   8.14kB)

==============================================================================

